# U-Boot

# Kernel
```bash


tee_otp read_mmr 10
tee_otp read_mmr 11
tee_otp lock_status 15
tee_otp lock 15 2

tee_otp read_mmr 4
tee_otp read_mmr 5
tee_otp write_mmr 4 0x0014975B
tee_otp write_mmr 5 0x000004E7


tee_otp lock_status 20
tee_otp lock_status 21
tee_otp read_mmr 20
tee_otp read_mmr 21

tee_otp write_mmr 20 0x0014975B
tee_otp write_mmr 21 0x000004E7
tee_otp write_mmr 20 0x200000


tee_otp write_mmr 26 0x0000000c
tee_otp write_mmr 27 0x00000001


root@AM62x:~# cat /tmp/mac_addr.txt
00:14:97:A3:B8:F3
00:14:97:A3:B8:F4



OTP MMR 26: 0x1497a3
OTP MMR 27: 0xb8f30000
OTP MMR 28: 0x1497a3
OTP MMR 29: 0xb8f40000

0x1497a3
0x1497ab
0x1497af
0x801497af

tee_otp read_mmr 26
tee_otp read_row 34
tee_otp write_row 34 0xE014 0x2000

tee_otp lock_status 34
tee_otp lock 34 4

tee_otp write_row 34 0xF014 0x1000
```


```bash
# 创建启动脚本
cat > /etc/init.d/optee << EOF
#!/bin/sh
### BEGIN INIT INFO
# Provides:          optee
# Required-Start:    $local_fs
# Required-Stop:     $local_fs
# Default-Start:     2 3 4 5
# Default-Stop:      0 1 6
# Short-Description: Start OP-TEE services
### END INIT INFO

case "$1" in
    start)
        echo "Starting OP-TEE services..."
        modprobe optee
        /usr/sbin/tee-supplicant -d
        ;;
    stop)
        echo "Stopping OP-TEE services..."
        killall tee-supplicant
        modprobe -r optee
        ;;
    *)
        echo "Usage: $0 {start|stop}"
        exit 1
        ;;
esac
exit 0
EOF

chmod +x /etc/init.d/optee
update-rc.d optee defaults



# 可以通过以下环境变量自定义编译
export CFG_TEE_CLIENT_LOG_LEVEL=2  # 日志级别
export CFG_TEE_CLIENT_LOAD_PATH=/lib  # 库加载路径
export CFG_TEE_FS_PARENT_PATH=/data/tee  # TEE 文件系统路径


# 在目标板上启动 tee-supplicant 时启用调试输出
/usr/sbin/tee-supplicant -d

# 检查系统日志
dmesg | grep -i tee

# 使用 strace 跟踪
strace /usr/bin/otp_keywriting read 0x123456


# 检查库依赖
ldd /usr/bin/otp_keywriting

# 检查设备节点
ls -l /dev/tee*

# 检查权限
chmod 666 /dev/tee*

# 检查 tee-supplicant 状态
ps aux | grep tee-supplicant


```

```bash


# 检查 tee 设备是否存在
ls -l /dev/tee*

# 如果设备不存在，加载驱动
sudo modprobe optee

# 读取 OTP
tee_otp read 0x123456

# 写入 OTP
./otp_keywriting write 0x123456 0xaabbccdd 0x11223344

# 锁定 OTP（例如：同时使用软锁和硬件写锁）
./otp_keywriting lock 0x123456 5   # 5 = 1(软锁) + 4(硬件写锁)

# 如果遇到库找不到的问题，更新库缓存
sudo ldconfig

# 检查 tee 设备权限
sudo chmod 666 /dev/tee*

# 检查日志
dmesg | grep -i tee

# 添加调试信息输出
export OPTEE_LOG_LEVEL=4

# 使用 strace 追踪系统调用
strace ./otp_keywriting read 0x123456

# 查看帮助
./otp_keywriting

# 读取示例（地址使用十六进制）
./otp_keywriting read 0x100

# 写入示例（所有值使用十六进制）
./otp_keywriting write 0x100 0x12345678 0x9abcdef0

# 锁定示例（锁定类型可组合）
./otp_keywriting lock 0x100 1  # 仅软锁
./otp_keywriting lock 0x100 3  # 软锁 + 硬件读锁
./otp_keywriting lock 0x100 7  # 所有锁定类型
```

```bash
tee_otp read 2
tee_otp write 2 0x1122 0x3344

ll usr/lib/libckteec.*
ll usr/lib/libseteec.*
ll usr/lib/libteec.*
ll usr/sbin/tee-supplicant


./compile.sh -p rpmsg
cp -r targetNFS/usr/bin/rpmsg_char_simple output/
sync

```

```
root@AM62x:/# ps |grep tee
 1360 root     /usr/sbin/tee-supplicant
 1361 root     [optee_bus_scan]
 1371 root     grep tee
root@AM62x:/#
```

```bash
tee_otp read_mmr 26
tee_otp read_mmr 27
tee_otp read_mmr 28
tee_otp read_mmr 29
```

```bash
tee_otp read_row 0
tee_otp read_row 1
tee_otp read_row 2
tee_otp read_row 3
tee_otp read_row 4
tee_otp read_row 5
tee_otp read_row 6
tee_otp read_row 7
tee_otp read_row 8
tee_otp read_row 9
tee_otp read_row 10
```


```bash
tee_otp write_mmr 15 0x88776655
tee_otp read_mmr 15
```


## 调试
![[Pasted image 20241107173315.png]]

```bash
    $(MAKE) -j $(MAKE_JOBS) -C $(TEE_DIR) CROSS_COMPILE=$(CROSS_COMPILE_TEE_32) CROSS_COMPILE64=$(CROSS_COMPILE_TEE_64) PLATFORM=k3-am62x CFG_ARM64_core=y CFG_TEE_CORE_LOG_LEVEL=4 CFG_TEE_CORE_DEBUG=y
```

![[Pasted image 20241107173347.png]]

![[Pasted image 20241107200247.png]]

![[Pasted image 20241107200322.png]]

## log

### A53 uart
```txt
U-Boot SPL 2021.01-00001-ga347ec164e-dirty (Nov 07 2024 - 17:15:12 +0800)
SYSFW ABI: 3.1 (firmware rev 0x0008 '8.6.4--v08.06.04 (Chill Capybar')
SPL initial stack usage: 13424 bytes
WDT:   Not found!
Trying to boot from MMC2
Authentication passed

Authentication passed

Authentication passed

Authentication passed

Authentication passed

Starting ATF on ARM64 core...

eth_mac_init:210 read efuse otp1
Success read efuse otp mmr_val:0x1497a3
NOTICE:  BL31: v2.8(release):v2.8-226-g2fcd408bb
NOTICE:  BL31: Built : 14:57:45, Nov  6 2024
D/TC:0   plat_get_aslr_seed:111 Warning: no ASLR seed
D/TC:0   add_phys_mem:635 ROUNDDOWN(0x4a600000, CORE_MMU_PGDIR_SIZE) type IO_SEC 0x4a600000 size 0x00200000
D/TC:0   add_phys_mem:635 ROUNDDOWN(0x4a400000, CORE_MMU_PGDIR_SIZE) type IO_SEC 0x4a400000 size 0x00200000
D/TC:0   add_phys_mem:635 ROUNDDOWN(0x4d000000, CORE_MMU_PGDIR_SIZE) type IO_SEC 0x4d000000 size 0x00200000
D/TC:0   add_phys_mem:635 ROUNDDOWN((0x02800000 + 0 * 0x10000), CORE_MMU_PGDIR_SIZE) type IO_NSEC 0x02800000 size 0x00200000
D/TC:0   add_phys_mem:635 ROUNDDOWN((0x01800000 + 0x0), CORE_MMU_PGDIR_SIZE) type IO_SEC 0x01800000 size 0x00200000
D/TC:0   add_phys_mem:635 ROUNDDOWN((0x01800000 + 0x80000), CORE_MMU_PGDIR_SIZE) type IO_SEC 0x01800000 size 0x00200000
D/TC:0   add_phys_mem:649 Physical mem map overlaps 0x1800000
D/TC:0   add_phys_mem:635 ROUNDDOWN(0x40900000, CORE_MMU_PGDIR_SIZE) type IO_SEC 0x40800000 size 0x00200000
D/TC:0   add_phys_mem:635 ROUNDDOWN((0x40900000 + 0x10000), CORE_MMU_PGDIR_SIZE) type IO_SEC 0x40800000 size 0x00200000
D/TC:0   add_phys_mem:649 Physical mem map overlaps 0x40800000
D/TC:0   add_phys_mem:635 TEE_SHMEM_START type NSEC_SHM 0x9fc00000 size 0x00400000
D/TC:0   add_phys_mem:635 TA_RAM_START type TA_RAM 0x9ea00000 size 0x01200000
D/TC:0   add_phys_mem:635 VCORE_UNPG_RW_PA type TEE_RAM_RW 0x9e867000 size 0x00199000
D/TC:0   add_phys_mem:635 VCORE_UNPG_RX_PA type TEE_RAM_RX 0x9e800000 size 0x00067000
D/TC:0   add_va_space:675 type RES_VASPACE size 0x00a00000
D/TC:0   add_va_space:675 type SHM_VASPACE size 0x02000000
D/TC:0   dump_mmap_table:800 type NSEC_SHM     va 0x99600000..0x999fffff pa 0x9fc00000..0x9fffffff size 0x00400000 (pgdir)
D/TC:0   dump_mmap_table:800 type TA_RAM       va 0x99a00000..0x9abfffff pa 0x9ea00000..0x9fbfffff size 0x01200000 (pgdir)
D/TC:0   dump_mmap_table:800 type IO_SEC       va 0x9ae00000..0x9affffff pa 0x4d000000..0x4d1fffff size 0x00200000 (pgdir)
D/TC:0   dump_mmap_table:800 type IO_SEC       va 0x9b000000..0x9b1fffff pa 0x4a600000..0x4a7fffff size 0x00200000 (pgdir)
D/TC:0   dump_mmap_table:800 type IO_SEC       va 0x9b200000..0x9b3fffff pa 0x4a400000..0x4a5fffff size 0x00200000 (pgdir)
D/TC:0   dump_mmap_table:800 type IO_SEC       va 0x9b400000..0x9b5fffff pa 0x40800000..0x409fffff size 0x00200000 (pgdir)
D/TC:0   dump_mmap_table:800 type IO_NSEC      va 0x9b600000..0x9b7fffff pa 0x02800000..0x029fffff size 0x00200000 (pgdir)
D/TC:0   dump_mmap_table:800 type IO_SEC       va 0x9b800000..0x9b9fffff pa 0x01800000..0x019fffff size 0x00200000 (pgdir)
D/TC:0   dump_mmap_table:800 type RES_VASPACE  va 0x9ba00000..0x9c3fffff pa 0x00000000..0x009fffff size 0x00a00000 (pgdir)
D/TC:0   dump_mmap_table:800 type SHM_VASPACE  va 0x9c600000..0x9e5fffff pa 0x00000000..0x01ffffff size 0x02000000 (pgdir)
D/TC:0   dump_mmap_table:800 type TEE_RAM_RX   va 0x9e800000..0x9e866fff pa 0x9e800000..0x9e866fff size 0x00067000 (smallpg)
D/TC:0   dump_mmap_table:800 type TEE_RAM_RW   va 0x9e867000..0x9e9fffff pa 0x9e867000..0x9e9fffff size 0x00199000 (smallpg)
D/TC:0   core_mmu_xlat_table_alloc:526 xlat tables used 1 / 8
D/TC:0   core_mmu_xlat_table_alloc:526 xlat tables used 2 / 8
I/TC:
I/TC: OP-TEE version: Unknown_3.20 (gcc version 9.2.1 20191025 (GNU Toolchain for the A-profile Architecture 9.2-2019.12 (arm-9.10))) #8 Thu Nov  7 06:10:13 UTC 2024 aarch64
I/TC: WARNING: This OP-TEE configuration might be insecure!
I/TC: WARNING: Please check https://optee.readthedocs.io/en/latest/architecture/porting_guidelines.html
I/TC: Primary CPU initializing
D/TC:0 0 boot_init_primary_late:1379 Executing at offset 0 with virtual load address 0x9e800000
D/TC:0 0 call_preinitcalls:21 level 2 mobj_mapped_shm_init()
D/TC:0 0 mobj_mapped_shm_init:463 Shared memory address range: 9c600000, 9e600000
D/TC:0 0 call_initcalls:40 level 1 register_time_source()
D/TC:0 0 call_initcalls:40 level 1 teecore_init_pub_ram()
D/TC:0 0 call_initcalls:40 level 3 init_ti_sci()
D/TC:0 0 k3_sec_proxy_init:243 tx_thread: 11, rx_thread: 10
F/TC:0 0 k3_sec_proxy_send:131 Verifying the thread
F/TC:0 0 k3_sec_proxy_verify_thread:71 Check for thread corruption
F/TC:0 0 k3_sec_proxy_verify_thread:88 Check for thread direction
F/TC:0 0 k3_sec_proxy_verify_thread:100 Check for thread queue
F/TC:0 0 k3_sec_proxy_verify_thread:113 Success
F/TC:0 0 k3_sec_proxy_recv:193 Verifying thread
F/TC:0 0 k3_sec_proxy_verify_thread:71 Check for thread corruption
F/TC:0 0 k3_sec_proxy_verify_thread:88 Check for thread direction
F/TC:0 0 k3_sec_proxy_verify_thread:100 Check for thread queue
F/TC:0 0 k3_sec_proxy_verify_thread:113 Success
I/TC: SYSFW ABI: 3.1 (firmware rev 0x0008 '8.6.4--v08.06.04 (Chill Capybar')
D/TC:0 0 call_initcalls:40 level 3 check_ta_store()
D/TC:0 0 check_ta_store:417 TA store: "Secure Storage TA"
D/TC:0 0 check_ta_store:417 TA store: "REE"
D/TC:0 0 call_initcalls:40 level 3 verify_pseudo_tas_conformance()
D/TC:0 0 call_initcalls:40 level 3 tee_cryp_init()
D/TC:0 0 call_initcalls:40 level 4 tee_fs_init_key_manager()
F/TC:0 0 k3_sec_proxy_send:131 Verifying the thread
F/TC:0 0 k3_sec_proxy_verify_thread:71 Check for thread corruption
F/TC:0 0 k3_sec_proxy_verify_thread:88 Check for thread direction
F/TC:0 0 k3_sec_proxy_verify_thread:100 Check for thread queue
F/TC:0 0 k3_sec_proxy_verify_thread:113 Success
F/TC:0 0 k3_sec_proxy_recv:193 Verifying thread
F/TC:0 0 k3_sec_proxy_verify_thread:71 Check for thread corruption
F/TC:0 0 k3_sec_proxy_verify_thread:88 Check for thread direction
F/TC:0 0 k3_sec_proxy_verify_thread:100 Check for thread queue
F/TC:0 0 k3_sec_proxy_verify_thread:113 Success
I/TC: HUK Initialized
D/TC:0 0 call_initcalls:40 level 5 sa2ul_init()
I/TC: Activated SA2UL device
F/TC:0 0 k3_sec_proxy_send:131 Verifying the thread
F/TC:0 0 k3_sec_proxy_verify_thread:71 Check for thread corruption
F/TC:0 0 k3_sec_proxy_verify_thread:88 Check for thread direction
F/TC:0 0 k3_sec_proxy_verify_thread:100 Check for thread queue
F/TC:0 0 k3_sec_proxy_verify_thread:113 Success
F/TC:0 0 k3_sec_proxy_recv:193 Verifying thread
F/TC:0 0 k3_sec_proxy_verify_thread:71 Check for thread corruption
F/TC:0 0 k3_sec_proxy_verify_thread:88 Check for thread direction
F/TC:0 0 k3_sec_proxy_verify_thread:100 Check for thread queue
F/TC:0 0 k3_sec_proxy_verify_thread:113 Success
D/TC:0 0 ti_sci_get_response:141 Message not acknowledged
D/TC:0 0 sa2ul_init:75 Could not change SA2UL firewall owner
F/TC:0 0 k3_sec_proxy_send:131 Verifying the thread
F/TC:0 0 k3_sec_proxy_verify_thread:71 Check for thread corruption
F/TC:0 0 k3_sec_proxy_verify_thread:88 Check for thread direction
F/TC:0 0 k3_sec_proxy_verify_thread:100 Check for thread queue
F/TC:0 0 k3_sec_proxy_verify_thread:113 Success
F/TC:0 0 k3_sec_proxy_recv:193 Verifying thread
F/TC:0 0 k3_sec_proxy_verify_thread:71 Check for thread corruption
F/TC:0 0 k3_sec_proxy_verify_thread:88 Check for thread direction
F/TC:0 0 k3_sec_proxy_verify_thread:100 Check for thread queue
F/TC:0 0 k3_sec_proxy_verify_thread:113 Success
F/TC:0 0 k3_sec_proxy_send:131 Verifying the thread
F/TC:0 0 k3_sec_proxy_verify_thread:71 Check for thread corruption
F/TC:0 0 k3_sec_proxy_verify_thread:88 Check for thread direction
F/TC:0 0 k3_sec_proxy_verify_thread:100 Check for thread queue
F/TC:0 0 k3_sec_proxy_verify_thread:113 Success
F/TC:0 0 k3_sec_proxy_recv:193 Verifying thread
F/TC:0 0 k3_sec_proxy_verify_thread:71 Check for thread corruption
F/TC:0 0 k3_sec_proxy_verify_thread:88 Check for thread direction
F/TC:0 0 k3_sec_proxy_verify_thread:100 Check for thread queue
F/TC:0 0 k3_sec_proxy_verify_thread:113 Success
F/TC:0 0 k3_sec_proxy_send:131 Verifying the thread
F/TC:0 0 k3_sec_proxy_verify_thread:71 Check for thread corruption
F/TC:0 0 k3_sec_proxy_verify_thread:88 Check for thread direction
F/TC:0 0 k3_sec_proxy_verify_thread:100 Check for thread queue
F/TC:0 0 k3_sec_proxy_verify_thread:113 Success
F/TC:0 0 k3_sec_proxy_recv:193 Verifying thread
F/TC:0 0 k3_sec_proxy_verify_thread:71 Check for thread corruption
F/TC:0 0 k3_sec_proxy_verify_thread:88 Check for thread direction
F/TC:0 0 k3_sec_proxy_verify_thread:100 Check for thread queue
F/TC:0 0 k3_sec_proxy_verify_thread:113 Success
I/TC: Enabled firewalls for SA2UL TRNG device
I/TC: SA2UL TRNG initialized
I/TC: SA2UL Drivers initialized
D/TC:0 0 call_initcalls:40 level 6 mobj_init()
D/TC:0 0 call_initcalls:40 level 6 default_mobj_init()
I/TC: Primary CPU switching to normal world boot

U-Boot SPL 2021.01-00001-ga347ec164e-dirty (Nov 07 2024 - 17:14:58 +0800)
SYSFW ABI: 3.1 (firmware rev 0x0008 '8.6.4--v08.06.04 (Chill Capybar')
WDT:   Not found!
Trying to boot from MMC2
Authentication passed

Authentication passed



U-Boot 2021.01-00001-ga347ec164e-dirty (Nov 07 2024 - 17:14:58 +0800)

SoC:   AM62X SR1.0 HS-SE
Model: ZHIYUAN Electronics AM625
DRAM:  1 GiB
MMC:   mmc@fa10000: 0, mmc@fa00000: 1, mmc@fa20000: 2
Loading Environment from MMC... MMC: block number 0x3500 exceeds max(0x2000)
*** Warning - !read failed, using default environment

In:    serial@2800000
Out:   serial@2800000
Err:   serial@2800000
Unidentified board claims  in eeprom header
setup_mac_addr:1843 mac0:0x1028d6d7641c
setup_mac_addr:1850 mac1:0xcc607bfffaea
starting USB...
Bus usb@31000000: Register 1000840 NbrPorts 1
Starting the controller
USB XHCI 1.10
Bus usb@31100000: Register 1000840 NbrPorts 1
Starting the controller
USB XHCI 1.10
scanning bus usb@31000000 for devices... 2 USB Device(s) found
scanning bus usb@31100000 for devices... 2 USB Device(s) found
       scanning usb for storage devices... 2 Storage Device(s) found
Net:   eth0: ethernet@8000000port@1
Hit any key to stop autoboot:  0
switch to partitions #0, OK
mmc1 is current device
SD/MMC found on device 1
Failed to load 'boot.scr'
1490 bytes read in 5 ms (291 KiB/s)
Loaded env from uEnv.txt
Importing environment from mmc1 ...
Running uenvcmd ...
1 bytes read in 5 ms (0 Bytes/s)
Already setup.
Failed to load 'update-img.txt'
Failed to load 'update-img.txt'
switch to partitions #1, OK
mmc0(part 1) is current device
17647196 bytes read in 117 ms (143.8 MiB/s)
Boot FIT from eMMC device
## Loading kernel from FIT Image at 90000000 ...
   Using 'config@boot-fit-ramdisk' configuration
   Trying 'kernel@0' kernel subimage
     Description:  Linux Kernel
     Type:         Kernel Image
     Compression:  gzip compressed
     Data Start:   0x900000c8
     Data Size:    8262097 Bytes = 7.9 MiB
     Architecture: AArch64
     OS:           Linux
     Load Address: 0x82000000
     Entry Point:  0x82000000
     Hash algo:    sha1
     Hash value:   1678b9957deea90df5ef8ddb63d6b56521e886cc
   Verifying Hash Integrity ... sha1+ OK
Authentication passed

## Loading ramdisk from FIT Image at 90000000 ...
   Using 'config@boot-fit-ramdisk' configuration
   Trying 'ramdisk@0' ramdisk subimage
     Description:  ramdisk
     Type:         RAMDisk Image
     Compression:  Unknown Compression
     Data Start:   0x907e1384
     Data Size:    9323177 Bytes = 8.9 MiB
     Architecture: AArch64
     OS:           Linux
     Load Address: 0x8b000000
     Entry Point:  unavailable
     Hash algo:    sha1
     Hash value:   6b6fc9ea9d37be7f70aa659cda86d52db2b8752c
   Verifying Hash Integrity ... sha1+ OK
Authentication passed

   Loading ramdisk from 0x907e1384 to 0x8b000000
WARNING: 'compression' nodes for ramdisks are deprecated, please fix your .its file!
## Loading fdt from FIT Image at 90000000 ...
   Using 'config@boot-fit-ramdisk' configuration
   Trying 'fdtb@0' fdt subimage
     Description:  Flattened Device Tree blob
     Type:         Flat Device Tree
     Compression:  uncompressed
     Data Start:   0x910c5704
     Data Size:    59870 Bytes = 58.5 KiB
     Architecture: AArch64
     Load Address: 0x84000000
     Hash algo:    sha1
     Hash value:   2305ef4dcd5bbc84d1a1a067984286aefd846450
   Verifying Hash Integrity ... sha1+ OK
Authentication passed

   Loading fdt from 0x910c5704 to 0x84000000
   Booting using the fdt blob at 0x84000000
wifibt: NO

SOCID:0x1d083 SOC:AM6232
Loading dtbos from SD
101 bytes read in 6 ms (15.6 KiB/s)
101 bytes written in 18 ms (4.9 KiB/s)
Loading k3-am62-oldi.dtbo from SD
9556 bytes read in 7 ms (1.3 MiB/s)
9556 bytes written in 5 ms (1.8 MiB/s)
Loading k3-am62-ethernet.dtbo from SD
2326 bytes read in 7 ms (324.2 KiB/s)
2326 bytes written in 5 ms (454.1 KiB/s)
Loading k3-am62-audio.dtbo from SD
5011 bytes read in 7 ms (698.2 KiB/s)
5011 bytes written in 4 ms (1.2 MiB/s)
Loading k3-am62-csi-camera.dtbo from SD
2408 bytes read in 6 ms (391.6 KiB/s)
2408 bytes written in 4 ms (587.9 KiB/s)
Loading k3-am62-mcan.dtbo from SD
2192 bytes read in 6 ms (356.4 KiB/s)
2192 bytes written in 5 ms (427.7 KiB/s)
Loading k3-am62-production.dtbo from SD
6344 bytes read in 7 ms (884.8 KiB/s)
6344 bytes written in 4 ms (1.5 MiB/s)
wifibt: NO
extra_overlays: <NULL>
name_overlays: <NULL>
boot_storage:mmc bootpart:0:1 bootdir:/boot overlay_rundir:run/ fdtaddr:0x84000000 dtbo_addr:0x84300000
   Uncompressing Kernel Image
   Loading Ramdisk to 8f71c000, end 8ffffc42 ... OK
   Loading Device Tree to 000000008f608000, end 000000008f71bfff ... OK

Starting kernel ...

I/TC: Secondary CPU 1 initializing
I/TC: Secondary CPU 1 switching to normal world boot
I/TC: Reserved shared memory is enabled
I/TC: Dynamic shared memory is enabled
I/TC: Normal World virtualization support is disabled
I/TC: Asynchronous notifications are disabled
D/TC:1 0 core_mmu_xlat_table_alloc:526 xlat tables used 3 / 8
D/TC:? 0 tee_ta_init_pseudo_ta_session:296 Lookup pseudo TA 7011a688-ddde-4053-a5a9-7b3c4ddf13b8
D/TC:? 0 tee_ta_init_pseudo_ta_session:309 Open device.pta
D/TC:? 0 tee_ta_init_pseudo_ta_session:326 device.pta : 7011a688-ddde-4053-a5a9-7b3c4ddf13b8
F/TC:? 0 plat_prng_add_jitter_entropy:72 0xCDA0
D/TC:? 0 tee_ta_close_session:529 csess 0x9e886bf0 id 1
D/TC:? 0 tee_ta_close_session:548 Destroy session
[    0.000000] Booting Linux on physical CPU 0x0000000000 [0x410fd034]
[    0.000000] Linux version 5.10.168-rt83-gc1a1291911 (root@DESKTOP-GC4LAR7) (aarch64-none-linux-gnu-gcc (GNU Toolchain for the A-profile Architecture 9.2-2019.12 (arm-9.10)) 9.2.1 20191025, GNU ld (GNU Toolchain for the A-profile Architecture 9.2-2019.12 (arm-9.10)) 2.33.1.20191209) #1 SMP PREEMPT_RT Wed Nov 6 14:58:52 CST 2024
[    0.000000] Machine model: ZHIYUAN Electronics AM6232
[    0.000000] efi: UEFI not found.
[    0.000000] Reserved memory: created DMA memory pool at 0x000000009c800000, size 3 MiB
[    0.000000] OF: reserved mem: initialized node ipc-memories@9c800000, compatible id shared-dma-pool
[    0.000000] Reserved memory: created DMA memory pool at 0x000000009cb00000, size 1 MiB
[    0.000000] OF: reserved mem: initialized node m4f-dma-memory@9cb00000, compatible id shared-dma-pool
[    0.000000] Reserved memory: created DMA memory pool at 0x000000009cc00000, size 14 MiB
[    0.000000] OF: reserved mem: initialized node m4f-memory@9cc00000, compatible id shared-dma-pool
[    0.000000] Reserved memory: created DMA memory pool at 0x000000009da00000, size 1 MiB
[    0.000000] OF: reserved mem: initialized node r5f-dma-memory@9da00000, compatible id shared-dma-pool
[    0.000000] Reserved memory: created DMA memory pool at 0x000000009db00000, size 12 MiB
[    0.000000] OF: reserved mem: initialized node r5f-memory@9db00000, compatible id shared-dma-pool
[    0.000000] Zone ranges:
[    0.000000]   DMA      [mem 0x0000000080000000-0x00000000bfffffff]
[    0.000000]   DMA32    empty
[    0.000000]   Normal   empty
[    0.000000] Movable zone start for each node
[    0.000000] Early memory node ranges
[    0.000000]   node   0: [mem 0x0000000080000000-0x000000009c7fffff]
[    0.000000]   node   0: [mem 0x000000009c800000-0x000000009e6fffff]
[    0.000000]   node   0: [mem 0x000000009e700000-0x000000009e77ffff]
[    0.000000]   node   0: [mem 0x000000009e780000-0x000000009fffffff]
[    0.000000]   node   0: [mem 0x00000000a0000000-0x00000000bfffffff]
[    0.000000] Initmem setup node 0 [mem 0x0000000080000000-0x00000000bfffffff]
[    0.000000] cma: Failed to reserve 512 MiB
[    0.000000] psci: probing for conduit method from DT.
[    0.000000] psci: PSCIv1.1 detected in firmware.
[    0.000000] psci: Using standard PSCI v0.2 function IDs
[    0.000000] psci: Trusted OS migration not required
[    0.000000] psci: SMC Calling Convention v1.2
[    0.000000] percpu: Embedded 18 pages/cpu s35392 r8192 d30144 u73728
[    0.000000] Detected VIPT I-cache on CPU0
[    0.000000] CPU features: detected: ARM erratum 845719
[    0.000000] CPU features: detected: GIC system register CPU interface
[    0.000000] Built 1 zonelists, mobility grouping on.  Total pages: 258048
[    0.000000] Kernel command line: console=ttyS2,115200n8 fbcon=logo-pos:center fbcon=logo-count:1 rw rootwait root=/dev/mmcblk0p2 root=/dev/mmcblk0p1
[    0.000000] Dentry cache hash table entries: 131072 (order: 8, 1048576 bytes, linear)
[    0.000000] Inode-cache hash table entries: 65536 (order: 7, 524288 bytes, linear)
[    0.000000] mem auto-init: stack:off, heap alloc:off, heap free:off
[    0.000000] Memory: 942316K/1048576K available (11648K kernel code, 1146K rwdata, 4208K rodata, 1792K init, 438K bss, 106260K reserved, 0K cma-reserved)
[    0.000000] SLUB: HWalign=64, Order=0-3, MinObjects=0, CPUs=2, Nodes=1
[    0.000000] rcu: Preemptible hierarchical RCU implementation.
[    0.000000] rcu:     RCU event tracing is enabled.
[    0.000000] rcu:     RCU restricting CPUs from NR_CPUS=256 to nr_cpu_ids=2.
[    0.000000] rcu:     RCU priority boosting: priority 1 delay 500 ms.
[    0.000000] rcu:     RCU_SOFTIRQ processing moved to rcuc kthreads.
[    0.000000]  No expedited grace period (rcu_normal_after_boot).
[    0.000000]  Trampoline variant of Tasks RCU enabled.
[    0.000000]  Tracing variant of Tasks RCU enabled.
[    0.000000] rcu: RCU calculated value of scheduler-enlistment delay is 100 jiffies.
[    0.000000] rcu: Adjusting geometry for rcu_fanout_leaf=16, nr_cpu_ids=2
[    0.000000] NR_IRQS: 64, nr_irqs: 64, preallocated irqs: 0
[    0.000000] GICv3: GIC: Using split EOI/Deactivate mode
[    0.000000] GICv3: 256 SPIs implemented
[    0.000000] GICv3: 0 Extended SPIs implemented
[    0.000000] GICv3: Distributor has no Range Selector support
[    0.000000] GICv3: 16 PPIs implemented
[    0.000000] GICv3: CPU0: found redistributor 0 region 0:0x0000000001880000
[    0.000000] ITS [mem 0x01820000-0x0182ffff]
[    0.000000] GIC: enabling workaround for ITS: Socionext Synquacer pre-ITS
[    0.000000] ITS@0x0000000001820000: Devices Table too large, reduce ids 20->19
[    0.000000] ITS@0x0000000001820000: allocated 524288 Devices @80800000 (flat, esz 8, psz 64K, shr 0)
[    0.000000] ITS: using cache flushing for cmd queue
[    0.000000] GICv3: using LPI property table @0x0000000080030000
[    0.000000] GIC: using cache flushing for LPI property table
[    0.000000] GICv3: CPU0: using allocated LPI pending table @0x0000000080040000
[    0.000000] arch_timer: cp15 timer(s) running at 200.00MHz (phys).
[    0.000000] clocksource: arch_sys_counter: mask: 0xffffffffffffff max_cycles: 0x2e2049d3e8, max_idle_ns: 440795210634 ns
[    0.000001] sched_clock: 56 bits at 200MHz, resolution 5ns, wraps every 4398046511102ns
[    0.000341] Console: colour dummy device 80x25
[    0.000400] Calibrating delay loop (skipped), value calculated using timer frequency.. 400.00 BogoMIPS (lpj=200000)
[    0.000412] pid_max: default: 32768 minimum: 301
[    0.000522] LSM: Security Framework initializing
[    0.000596] Mount-cache hash table entries: 2048 (order: 2, 16384 bytes, linear)
[    0.000612] Mountpoint-cache hash table entries: 2048 (order: 2, 16384 bytes, linear)
[    0.002641] rcu: Hierarchical SRCU implementation.
[    0.003241] Platform MSI: msi-controller@1820000 domain created
[    0.003536] PCI/MSI: /bus@f0000/interrupt-controller@1800000/msi-controller@1820000 domain created
[    0.003641] EFI services will not be available.
[    0.003871] smp: Bringing up secondary CPUs ...
[    0.028672] Detected VIPT I-cache on CPU1
[    0.028713] GICv3: CPU1: found redistributor 1 region 0:0x00000000018a0000
[    0.028731] GICv3: CPU1: using allocated LPI pending table @0x0000000080050000
[    0.028792] CPU1: Booted secondary processor 0x0000000001 [0x410fd034]
[    0.028948] smp: Brought up 1 node, 2 CPUs
[    0.028955] SMP: Total of 2 processors activated.
[    0.028961] CPU features: detected: 32-bit EL0 Support
[    0.028965] CPU features: detected: CRC32 instructions
[    0.036869] CPU: All CPU(s) started at EL2
[    0.036888] alternatives: patching kernel code
[    0.038050] devtmpfs: initialized
[    0.047810] KASLR disabled due to lack of seed
[    0.047989] clocksource: jiffies: mask: 0xffffffff max_cycles: 0xffffffff, max_idle_ns: 1911260446275000 ns
[    0.048009] futex hash table entries: 512 (order: 4, 65536 bytes, linear)
[    0.048282] pinctrl core: initialized pinctrl subsystem
[    0.048807] DMI not present or invalid.
[    0.049463] NET: Registered protocol family 16
[    0.050050] DMA: preallocated 128 KiB GFP_KERNEL pool for atomic allocations
[    0.050087] DMA: preallocated 128 KiB GFP_KERNEL|GFP_DMA pool for atomic allocations
[    0.050116] DMA: preallocated 128 KiB GFP_KERNEL|GFP_DMA32 pool for atomic allocations
[    0.050677] thermal_sys: Registered thermal governor 'step_wise'
[    0.051388] hw-breakpoint: found 6 breakpoint and 4 watchpoint registers.
[    0.051447] ASID allocator initialised with 65536 entries
[    0.085167] HugeTLB registered 1.00 GiB page size, pre-allocated 0 pages
[    0.085183] HugeTLB registered 32.0 MiB page size, pre-allocated 0 pages
[    0.085187] HugeTLB registered 2.00 MiB page size, pre-allocated 0 pages
[    0.085192] HugeTLB registered 64.0 KiB page size, pre-allocated 0 pages
[    0.086419] cryptd: max_cpu_qlen set to 1000
[    0.089949] k3-chipinfo 43000014.chipid: Family:AM62X rev:SR1.0 JTAGID[0x0bb7e02f] Detected
[    0.090752] vcc_5v0: supplied by vmain_pd
[    0.091168] vcc_3v3_sys: supplied by vmain_pd
[    0.091539] vdd_mmc1: supplied by vcc_3v3_sys
[    0.091838] wlan_en: supplied by vcc_3v3_sys
[    0.092120] vdd_io: supplied by vcc_3v3_sys
[    0.092377] vcc_1v8: supplied by vcc_3v3_sys
[    0.093245] iommu: Default domain type: Translated
[    0.093591] SCSI subsystem initialized
[    0.093769] usbcore: registered new interface driver usbfs
[    0.093809] usbcore: registered new interface driver hub
[    0.093838] usbcore: registered new device driver usb
[    0.094557] mc: Linux media interface: v0.10
[    0.094586] videodev: Linux video capture interface: v2.00
[    0.094633] pps_core: LinuxPPS API ver. 1 registered
[    0.094636] pps_core: Software ver. 5.3.6 - Copyright 2005-2007 Rodolfo Giometti <giometti@linux.it>
[    0.094650] PTP clock support registered
[    0.094681] EDAC MC: Ver: 3.0.0
[    0.095713] omap-mailbox 29000000.mailbox: omap mailbox rev 0x66fc9100
[    0.096440] FPGA manager framework
[    0.096559] Advanced Linux Sound Architecture Driver Initialized.
[    0.097622] clocksource: Switched to clocksource arch_sys_counter
[    0.097840] VFS: Disk quotas dquot_6.6.0
[    0.097892] VFS: Dquot-cache hash table entries: 512 (order 0, 4096 bytes)
[    0.104055] NET: Registered protocol family 2
[    0.104261] IP idents hash table entries: 16384 (order: 5, 131072 bytes, linear)
[    0.105208] tcp_listen_portaddr_hash hash table entries: 512 (order: 3, 32768 bytes, linear)
[    0.105301] TCP established hash table entries: 8192 (order: 4, 65536 bytes, linear)
[    0.105376] TCP bind hash table entries: 8192 (order: 6, 458752 bytes, linear)
[    0.105837] TCP: Hash tables configured (established 8192 bind 8192)
[    0.106057] UDP hash table entries: 512 (order: 4, 65536 bytes, linear)
[    0.106144] UDP-Lite hash table entries: 512 (order: 4, 65536 bytes, linear)
[    0.106416] NET: Registered protocol family 1
[    0.107050] RPC: Registered named UNIX socket transport module.
[    0.107058] RPC: Registered udp transport module.
[    0.107061] RPC: Registered tcp transport module.
[    0.107064] RPC: Registered tcp NFSv4.1 backchannel transport module.
[    0.107072] NET: Registered protocol family 44
[    0.107090] PCI: CLS 0 bytes, default 64
[    0.107307] Trying to unpack rootfs image as initramfs...
[    0.474425] Freeing initrd memory: 9100K
[    0.475326] hw perfevents: enabled with armv8_cortex_a53 PMU driver, 7 counters available
[    0.479770] Initialise system trusted keyrings
[    0.480006] workingset: timestamp_bits=46 max_order=18 bucket_order=0
[    0.485230] squashfs: version 4.0 (2009/01/31) Phillip Lougher
[    0.486014] NFS: Registering the id_resolver key type
[    0.486051] Key type id_resolver registered
[    0.486055] Key type id_legacy registered
[    0.486130] nfs4filelayout_init: NFSv4 File Layout Driver Registering...
[    0.486135] nfs4flexfilelayout_init: NFSv4 Flexfile Layout Driver Registering...
[    0.486160] ntfs: driver 2.1.32 [Flags: R/W].
[    0.486509] fuse: init (API version 7.32)
[    0.486795] 9p: Installing v9fs 9p2000 file system support
[    0.521164] Key type asymmetric registered
[    0.521174] Asymmetric key parser 'x509' registered
[    0.521227] Block layer SCSI generic (bsg) driver version 0.4 loaded (major 244)
[    0.521234] io scheduler mq-deadline registered
[    0.521239] io scheduler kyber registered
[    0.523987] pinctrl-single 4084000.pinctrl: 34 pins, size 136
[    0.524459] pinctrl-single f4000.pinctrl: 171 pins, size 684
[    0.525489] pinctrl-single a40000.pinctrl: 512 pins, size 2048
[    0.534347] Serial: 8250/16550 driver, 10 ports, IRQ sharing enabled
[    0.548009] brd: module loaded
[    0.556535] loop: module loaded
[    0.560140] tun: Universal TUN/TAP device driver, 1.6
[    0.560401] CAN device driver interface
[    0.562055] PPP generic driver version 2.4.2
[    0.562237] PPP BSD Compression module registered
[    0.562242] PPP Deflate Compression module registered
[    0.562269] PPP MPPE Compression module registered
[    0.562274] NET: Registered protocol family 24
[    0.562452] VFIO - User Level meta-driver version: 0.3
[    0.564240] ehci_hcd: USB 2.0 'Enhanced' Host Controller (EHCI) Driver
[    0.564249] ehci-pci: EHCI PCI platform driver
[    0.564287] ehci-platform: EHCI generic platform driver
[    0.564457] ohci_hcd: USB 1.1 'Open' Host Controller (OHCI) Driver
[    0.564494] ohci-pci: OHCI PCI platform driver
[    0.564529] ohci-platform: OHCI generic platform driver
[    0.565189] usbcore: registered new interface driver usb-storage
[    0.565250] udc-core: couldn't find an available UDC - added [g_mass_storage] to list of pending drivers
[    0.565647] i2c /dev entries driver
[    0.566769] sdhci: Secure Digital Host Controller Interface driver
[    0.566773] sdhci: Copyright(c) Pierre Ossman
[    0.567063] sdhci-pltfm: SDHCI platform and OF driver helper
[    0.568813] SMCCC: SOC_ID: ARCH_SOC_ID not implemented, skipping ....
[    0.570292] optee: probing for conduit method.
[    0.570328] optee: revision 3.20
[    0.586987] optee: dynamic shared memory is enabled
[    0.629522] optee: initialized driver
[    0.630721] <<-GTP-INFO->> GTP driver installing...
[    0.631538] Device tree node 'switch_reset' not found
[    0.631582] IP179 Switch: register major 200
[    0.631588] IP179 Switch: driver loaded!
[    0.633463] NET: Registered protocol family 17
[    0.633487] can: controller area network core
[    0.633574] NET: Registered protocol family 29
[    0.633580] can: raw protocol
[    0.633585] can: broadcast manager protocol
[    0.633595] can: netlink gateway - max_hops=1
[    0.633857] 9pnet: Installing 9P2000 support
[    0.633943] Key type dns_resolver registered
[    0.634205] Loading compiled-in X.509 certificates
[    0.651459] ti-sci 44043000.system-controller: lpm region is required for suspend but not provided.
[    0.651502] ti-sci 44043000.system-controller: ABI: 3.1 (firmware rev 0x0008 '8.6.4--v08.06.04 (Chill Capybar')
[    1.822193] davinci-mcasp 2b10000.mcasp: IRQ common not found
[    1.886670] omap-gpmc 3b000000.memory-controller: GPMC revision 6.0
[    1.886687] gpmc_mem_init: disabling cs 0 mapped at 0x0-0x1000000
[    1.897706] omap_i2c 4900000.i2c: bus 4 rev0.12 at 400 kHz
[    1.900786] omap_i2c 2b200000.i2c: bus 5 rev0.12 at 400 kHz
[    1.903891] omap_i2c 20000000.i2c: bus 0 rev0.12 at 400 kHz
[    1.923813] rtc-pcf85063 1-0051: registered as rtc0
[    1.924837] rtc-pcf85063 1-0051: setting system clock to 2023-10-23T18:24:44 UTC (1698085484)
[    1.924899] omap_i2c 20010000.i2c: bus 1 rev0.12 at 100 kHz
[    1.927315] omap_i2c 20020000.i2c: bus 2 rev0.12 at 400 kHz
[    1.934028] ti-sci-intr 4210000.interrupt-controller: Interrupt Router 5 domain created
[    1.942317] ti-sci-intr bus@f0000:interrupt-controller@a00000: Interrupt Router 3 domain created
[    1.959055] ti-sci-inta 48000000.interrupt-controller: Interrupt Aggregator domain 28 created
[    1.976701] ti-udma 485c0100.dma-controller: Number of rings: 82
[    2.017173] ti-udma 485c0100.dma-controller: Channels: 48 (bchan: 18, tchan: 12, rchan: 18)
[    2.020038] ti-udma 485c0000.dma-controller: Number of rings: 150
[    2.170358] ti-udma 485c0000.dma-controller: Channels: 35 (tchan: 20, rchan: 15)
[    2.173593] 4a00000.serial: ttyS7 at MMIO 0x4a00000 (irq = 15, base_baud = 3000000) is a 8250
[    2.176386] 2800000.serial: ttyS2 at MMIO 0x2800000 (irq = 29, base_baud = 3000000) is a 8250
[    2.176656] printk: console [ttyS2]: printing thread started
[    2.176668] printk: console [ttyS2] enabled
[    2.184109] 2810000.serial: ttyS1 at MMIO 0x2810000 (irq = 30, base_baud = 3000000) is a 8250
[    2.213979] 2830000.serial: ttyS3 at MMIO 0x2830000 (irq = 31, base_baud = 3000000) is a 8250
[    2.219940] 2840000.serial: ttyS4 at MMIO 0x2840000 (irq = 32, base_baud = 3000000) is a 8250
[    2.224068] 2850000.serial: ttyS5 at MMIO 0x2850000 (irq = 33, base_baud = 3000000) is a 8250
[    2.232874] 2860000.serial: ttyS6 at MMIO 0x2860000 (irq = 34, base_baud = 3000000) is a 8250
[    2.441462] spi spi5.0: setup: ignoring unsupported mode bits 200
[    2.460147] spi-nor spi5.0: is25lp064 (8192 Kbytes)
[    2.460192] 6 fixed-partitions partitions found on MTD device fc40000.spi.0
[    2.460199] Creating 6 MTD partitions on "fc40000.spi.0":
[    2.460205] 0x000000000000-0x000000080000 : "ospi.tiboot3"
[    2.481280] 0x000000080000-0x000000280000 : "ospi.tispl"
[    2.499165] 0x000000280000-0x000000680000 : "ospi.u-boot"
[    2.519020] 0x000000680000-0x0000006c0000 : "ospi.env"
[    2.535856] 0x0000006c0000-0x000000700000 : "ospi.env.backup"
[    2.544713] 0x000000700000-0x000000800000 : "ospi.userdata"
[    2.622343] davinci_mdio 8000f00.mdio: Configuring MDIO in manual mode
[    2.656622] davinci_mdio 8000f00.mdio: davinci mdio revision 9.7, bus freq 1000000
[    2.673822] davinci_mdio 8000f00.mdio: phy[5]: device 8000f00.mdio:05, driver YT8531S Gigabit Ethernet
[    2.673840] davinci_mdio 8000f00.mdio: phy[7]: device 8000f00.mdio:07, driver YT8531S Gigabit Ethernet
[    2.674011] am65-cpsw-nuss 8000000.ethernet: initializing am65 cpsw nuss version 0x6BA01103, cpsw version 0x6BA81103 Ports: 3 quirks:00000006
[    2.674543] am65-cpsw-nuss 8000000.ethernet: Use random MAC address
[    2.674554] am65-cpsw-nuss 8000000.ethernet: initialized cpsw ale version 1.5
[    2.674560] am65-cpsw-nuss 8000000.ethernet: ALE Table size 512
[    2.678517] pps pps0: new PPS source ptp0
[    2.678852] am65-cpsw-nuss 8000000.ethernet: CPTS ver 0x4e8a010c, freq:500000000, add_val:1 pps:1
[    2.804976] am65-cpsw-nuss 8000000.ethernet: set new flow-id-base 19
[    2.899729] dwc3-am62 f900000.dwc3-usb: lockup ldo_en wa
[    2.907014] xhci-hcd xhci-hcd.0.auto: xHCI Host Controller
[    2.907045] xhci-hcd xhci-hcd.0.auto: new USB bus registered, assigned bus number 1
[    2.907206] xhci-hcd xhci-hcd.0.auto: hcc params 0x0258fe6d hci version 0x110 quirks 0x0000000000010010
[    2.907515] xhci-hcd xhci-hcd.0.auto: irq 267, io mem 0x31000000
[    2.907717] xhci-hcd xhci-hcd.0.auto: xHCI Host Controller
[    2.907732] xhci-hcd xhci-hcd.0.auto: new USB bus registered, assigned bus number 2
[    2.907747] xhci-hcd xhci-hcd.0.auto: Host supports USB 3.0 SuperSpeed
[    2.907919] usb usb1: New USB device found, idVendor=1d6b, idProduct=0002, bcdDevice= 5.10
[    2.907928] usb usb1: New USB device strings: Mfr=3, Product=2, SerialNumber=1
[    2.907934] usb usb1: Product: xHCI Host Controller
[    2.907939] usb usb1: Manufacturer: Linux 5.10.168-rt83-gc1a1291911 xhci-hcd
[    2.907944] usb usb1: SerialNumber: xhci-hcd.0.auto
[    2.908441] hub 1-0:1.0: USB hub found
[    2.908474] hub 1-0:1.0: 1 port detected
[    2.908897] usb usb2: We don't know the algorithms for LPM for this host, disabling LPM.
[    2.909006] usb usb2: New USB device found, idVendor=1d6b, idProduct=0003, bcdDevice= 5.10
[    2.909013] usb usb2: New USB device strings: Mfr=3, Product=2, SerialNumber=1
[    2.909020] usb usb2: Product: xHCI Host Controller
[    2.909025] usb usb2: Manufacturer: Linux 5.10.168-rt83-gc1a1291911 xhci-hcd
[    2.909030] usb usb2: SerialNumber: xhci-hcd.0.auto
[    2.909433] hub 2-0:1.0: USB hub found
[    2.909459] hub 2-0:1.0: config failed, hub doesn't have any ports! (err -19)
[    2.914799] dwc3-am62 f910000.dwc3-usb: lockup ldo_en wa
[    2.921648] dwc3 31100000.usb: Configuration mismatch. dr_mode forced to host
[    2.921994] xhci-hcd xhci-hcd.1.auto: xHCI Host Controller
[    2.922017] xhci-hcd xhci-hcd.1.auto: new USB bus registered, assigned bus number 3
[    2.922179] xhci-hcd xhci-hcd.1.auto: hcc params 0x0258fe6d hci version 0x110 quirks 0x0000000000010010
[    2.922472] xhci-hcd xhci-hcd.1.auto: irq 268, io mem 0x31100000
[    2.922664] xhci-hcd xhci-hcd.1.auto: xHCI Host Controller
[    2.922676] xhci-hcd xhci-hcd.1.auto: new USB bus registered, assigned bus number 4
[    2.922693] xhci-hcd xhci-hcd.1.auto: Host supports USB 3.0 SuperSpeed
[    2.922860] usb usb3: New USB device found, idVendor=1d6b, idProduct=0002, bcdDevice= 5.10
[    2.922868] usb usb3: New USB device strings: Mfr=3, Product=2, SerialNumber=1
[    2.922874] usb usb3: Product: xHCI Host Controller
[    2.922879] usb usb3: Manufacturer: Linux 5.10.168-rt83-gc1a1291911 xhci-hcd
[    2.922884] usb usb3: SerialNumber: xhci-hcd.1.auto
[    2.923359] hub 3-0:1.0: USB hub found
[    2.923390] hub 3-0:1.0: 1 port detected
[    2.923829] usb usb4: We don't know the algorithms for LPM for this host, disabling LPM.
[    2.923936] usb usb4: New USB device found, idVendor=1d6b, idProduct=0003, bcdDevice= 5.10
[    2.923944] usb usb4: New USB device strings: Mfr=3, Product=2, SerialNumber=1
[    2.923951] usb usb4: Product: xHCI Host Controller
[    2.923955] usb usb4: Manufacturer: Linux 5.10.168-rt83-gc1a1291911 xhci-hcd
[    2.923960] usb usb4: SerialNumber: xhci-hcd.1.auto
[    2.924334] hub 4-0:1.0: USB hub found
[    2.924360] hub 4-0:1.0: config failed, hub doesn't have any ports! (err -19)
[    2.937071] pwm-beeper buzzer: supply amp not found, using dummy regulator
[    2.937400] input: pwm-beeper as /devices/platform/buzzer/input/input0
[    3.066655] davinci-mcasp 2b10000.mcasp: IRQ common not found
[    3.125146] mmc0: CQHCI version 5.10
[    3.166832] mmc0: SDHCI controller on fa10000.mmc [fa10000.mmc] using ADMA 64-bit
[    3.215852] mmc1: CQHCI version 5.10
[    3.248710] mmc1: SDHCI controller on fa00000.mmc [fa00000.mmc] using ADMA 64-bit
[    3.264553] mmc0: Command Queue Engine enabled
[    3.264569] mmc0: new HS200 MMC card at address 0001
[    3.265267] mmcblk0: mmc0:0001 S40004 3.64 GiB
[    3.265477] mmcblk0boot0: mmc0:0001 S40004 partition 1 4.00 MiB
[    3.265689] mmcblk0boot1: mmc0:0001 S40004 partition 2 4.00 MiB
[    3.265889] mmcblk0rpmb: mmc0:0001 S40004 partition 3 4.00 MiB, chardev (238:0)
[    3.269636]  mmcblk0: p1 p2 p3
[    3.284872] mmc1: new high speed SDHC card at address 5048
[    3.285707] mmcblk1: mmc1:5048 APUSD 7.42 GiB
[    3.287254]  mmcblk1: p1
[    4.177654] usb 3-1: new high-speed USB device number 2 using xhci-hcd
[    4.246242] <<-GTP-INFO->> GTP Driver Version: V2.4<2014/11/28>
[    4.246257] <<-GTP-INFO->> GTP I2C Address: 0x14
[    4.304029] usb 3-1: New USB device found, idVendor=0781, idProduct=5567, bcdDevice= 1.00
[    4.304041] usb 3-1: New USB device strings: Mfr=1, Product=2, SerialNumber=3
[    4.304047] usb 3-1: Product: Cruzer Blade
[    4.304052] usb 3-1: Manufacturer: SanDisk
[    4.304057] usb 3-1: SerialNumber: 4C530000291216110465
[    4.304995] usb-storage 3-1:1.0: USB Mass Storage device detected
[    4.305475] scsi host0: usb-storage 3-1:1.0
[    4.313634] usb 1-1: new high-speed USB device number 2 using xhci-hcd
[    4.333154] <<-GTP-INFO->> IC Version: 911_1060
[    4.335286] <<-GTP-INFO->> Sensor_ID: 2
[    4.335292] <<-GTP-INFO->> Config group2 used,length: 186
[    4.336366] <<-GTP-INFO->> Driver send config.
[    4.358286] <<-GTP-INFO->> X_MAX: 1280, Y_MAX: 800, TRIGGER: 0x03
[    4.369759] input: goodix-ts as /devices/virtual/input/input1
[    4.370074] genirq: Setting trigger mode 4 for irq 338 failed (gpio_irq_type+0x0/0x18)
[    4.370132] <<-GTP-INFO->> GTP works in polling mode.
[    4.375107] <<-GTP-INFO->> GTP Driver Version: V2.4<2014/11/28>
[    4.375113] <<-GTP-INFO->> GTP I2C Address: 0x14
[    4.440024] usb 1-1: New USB device found, idVendor=0781, idProduct=5567, bcdDevice= 1.00
[    4.440038] usb 1-1: New USB device strings: Mfr=1, Product=2, SerialNumber=3
[    4.440044] usb 1-1: Product: Cruzer Blade
[    4.440049] usb 1-1: Manufacturer: SanDisk
[    4.440054] usb 1-1: SerialNumber: 03025431092423133207
[    4.441040] usb-storage 1-1:1.0: USB Mass Storage device detected
[    4.441512] scsi host1: usb-storage 1-1:1.0
[    4.473041] <<-GTP-INFO->> IC Version: 911_1060
[    4.473675] <<-GTP-INFO->> Sensor_ID: 2
[    4.473683] <<-GTP-INFO->> Config group2 used,length: 186
[    4.473997] <<-GTP-INFO->> Driver send config.
[    4.479495] <<-GTP-INFO->> X_MAX: 1280, Y_MAX: 800, TRIGGER: 0x03
[    4.490756] input: goodix-ts as /devices/virtual/input/input2
[    4.491057] genirq: Setting trigger mode 4 for irq 365 failed (gpio_irq_type+0x0/0x18)
[    4.491112] <<-GTP-INFO->> GTP works in polling mode.
[    4.491720] pwm-backlight backlight: supply power not found, using dummy regulator
[    4.566543] [drm] Initialized tidss 1.0.0 20180215 for 30200000.dss on minor 0
[    4.635374] Console: switching to colour frame buffer device 160x50
[    4.653065] tidss 30200000.dss: [drm] fb0: tidssdrmfb frame buffer device
[    4.703813] usb-conn-gpio connector: supply vbus not found, using dummy regulator
[    4.772325] usb-conn-gpio connector: supply vbus not found, using dummy regulator
[    4.841072] usb-conn-gpio connector: supply vbus not found, using dummy regulator
[    4.842033] debugfs: Directory 'pd:53' with parent 'pm_genpd' already present!
[    4.842096] debugfs: Directory 'pd:52' with parent 'pm_genpd' already present!
[    4.842135] debugfs: Directory 'pd:51' with parent 'pm_genpd' already present!
[    4.842483] debugfs: Directory 'pd:182' with parent 'pm_genpd' already present!
[    4.846224] of_cfs_init
[    4.846271] of_cfs_init: OK
[    4.847957] pd-gpio powerdown: driver probe success!
[    5.360797] scsi 0:0:0:0: Direct-Access     SanDisk  Cruzer Blade     1.00 PQ: 0 ANSI: 6
[    5.365230] sd 0:0:0:0: [sda] 15630336 512-byte logical blocks: (8.00 GB/7.45 GiB)
[    5.366098] sd 0:0:0:0: [sda] Write Protect is off
[    5.366351] sd 0:0:0:0: [sda] Write cache: disabled, read cache: enabled, doesn't support DPO or FUA
[    5.380259]  sda: sda1
[    5.384132] sd 0:0:0:0: [sda] Attached SCSI removable disk
[    5.405680] ALSA device list:
[    5.405693]   No soundcards found.
[    5.407956] Freeing unused kernel memory: 1792K
[    5.408080] Run /init as init process
Loading, please wait...
[    5.440774] usb-conn-gpio connector: supply vbus not found, using dummy regulator
Starting version 245.4-4ubuntu3.23
[    5.488944] scsi 1:0:0:0: Direct-Access     SanDisk  Cruzer Blade     1.00 PQ: 0 ANSI: 6
[    5.500984] sd 1:0:0:0: [sdb] 60088320 512-byte logical blocks: (30.8 GB/28.7 GiB)
[    5.501959] sd 1:0:0:0: [sdb] Write Protect is off
[    5.502473] sd 1:0:0:0: [sdb] Write cache: disabled, read cache: enabled, doesn't support DPO or FUA
[    5.544329]  sdb: sdb1
[    5.549707] sd 1:0:0:0: [sdb] Attached SCSI removable disk
[    5.583533] usb-conn-gpio connector: supply vbus not found, using dummy regulator
Begin: Loading essential drivers ... done.
Begin: Running /scripts/init-premount ... done.
Begin: Mounting root file system ... [    6.723250] FAT-fs (mmcblk1p1): Volume was not properly unmounted. Some data may be corrupt. Please run fsck.
[    6.761516] FAT-fs (sda1): Volume was not properly unmounted. Some data may be corrupt. Please run fsck.
Begin: Running /scripts/local-top ... done.
Begin: Running /scripts/local-premount ... done.
Warning: fsck not present, so skipping root file system
[    6.911271] FAT-fs (mmcblk0p1): Volume was not properly unmounted. Some data may be corrupt. Please run fsck.
done.
Begin: Running /scripts/local-bottom ... done.
Begin: Running /scripts/init-bottom ... [    7.186645] random: crng init done
[    7.740881] FAT-fs (mmcblk1p1): Volume was not properly unmounted. Some data may be corrupt. Please run fsck.
[    7.783092] EXT4-fs (mmcblk0p2): recovery complete
[    7.787632] EXT4-fs (mmcblk0p2): mounted filesystem with ordered data mode. Opts: (null)
[    7.952115] EXT4-fs (mmcblk0p3): recovery complete
[    7.952877] EXT4-fs (mmcblk0p3): mounted filesystem with ordered data mode. Opts: (null)
mark boot success
done.
Starting syslogd: FBIOPUT_VSCREENINFO failed, double buffering disabledOK
Starting klogd: OK
Running sysctl: OK
Populating /dev using udev: [    8.572981] udevd[417]: starting version 3.2.11
[    8.613795] udevd[418]: starting eudev-3.2.11
D/TC:? 0 tee_ta_init_pseudo_ta_session:296 Lookup pseudo TA ab7a617c-b8e7-4d8f-8301-d09b61036b64
D/TC:? 0 tee_ta_init_pseudo_ta_session:309 Open rng.pta
D/TC:? 0 tee_ta_init_pseudo_ta_session:326 rng.pta : ab7a617c-b8e7-4d8f-8301-d09b61036b64
F/TC:? 0 invoke_command:63 rng.pta command 0x1 ptypes 0x2
F/TC:? 0 invoke_command:63 rng.pta command 0 ptypes 0x7
F/TC:? 0 invoke_command:63 rng.pta command 0 ptypes 0x7
[    8.933324] usb-conn-gpio connector: supply vbus not found, using dummy regulator
[    8.994120] nvp6188 1-0030: driver version: 00.01.00
[    8.994274] nvp6188 1-0030: could not get sleep pinstate
[    8.994325] nvp6188 1-0030: mipi_freq_idx 0
[    8.994330] nvp6188 1-0030: pixel_rate 729000000
[    8.994337] nvp6188 1-0030: link_freq 729000000
[    9.022031] usb-conn-gpio connector: supply vbus not found, using dummy regulator
[    9.060996] nvp6188 1-0030: chip_id : 0xd0 chip_revid : 0x 0
[    9.072517] input: nvp6188_input_event as /devices/platform/bus@f0000/20010000.i2c/i2c-1/1-0030/input/input3
[    9.140930] k3-m4-rproc 5000000.m4fss: assigned reserved memory node m4f-dma-memory@9cb00000
[    9.175857] k3-m4-rproc 5000000.m4fss: configured M4 for remoteproc mode
[    9.209355] k3-m4-rproc 5000000.m4fss: local reset is deasserted for device
[    9.276968] remoteproc remoteproc0: 5000000.m4fss is available
[    9.286336] usb-conn-gpio connector: supply vbus not found, using dummy regulator
[    9.287361] remoteproc remoteproc0: powering up 5000000.m4fss
[    9.287390] remoteproc remoteproc0: Booting fw image am62-mcu-m4f0_0-fw, size 54860
[    9.337189] platform 78000000.r5f: R5F core may have been powered on by a different host, programmed state (0) != actual state (1)
[    9.431747] platform 78000000.r5f: configured R5F for IPC-only mode
[    9.431988] platform 78000000.r5f: assigned reserved memory node r5f-dma-memory@9da00000
[    9.432413] remoteproc remoteproc1: 78000000.r5f is available
[    9.432541] remoteproc remoteproc1: attaching to 78000000.r5f
[    9.434763]  remoteproc0#vdev0buffer: assigned reserved memory node m4f-dma-memory@9cb00000
[    9.434975]  remoteproc0#vdev0buffer: registered virtio0 (type 7)
[    9.434988] remoteproc remoteproc0: remote processor 5000000.m4fss is now up
[    9.452268] platform 78000000.r5f: R5F core initialized in IPC-only mode
[    9.452320]  remoteproc1#vdev0buffer: assigned reserved memory node r5f-dma-memory@9da00000
[    9.452553]  remoteproc1#vdev0buffer: registered virtio1 (type 7)
[    9.452564] remoteproc remoteproc1: remote processor 78000000.r5f is now attached
[    9.628316] usb-conn-gpio connector: supply vbus not found, using dummy regulator
[    9.931586] m_can_platform 20701000.can: m_can device registered (irq=46, version=32)
[   10.051137] usb-conn-gpio connector: supply vbus not found, using dummy regulator
[   10.146078] m_can_platform 4e00000.can: m_can device registered (irq=-6, version=32)
[   10.394380] m_can_platform 4e10000.can: m_can device registered (irq=-6, version=32)
[   10.415749] usb-conn-gpio connector: supply vbus not found, using dummy regulator
[   10.489374] FAT-fs (mmcblk1p1): Volume was not properly unmounted. Some data may be corrupt. Please run fsck.
[   10.520058] FAT-fs (sdb1): Volume was not properly unmounted. Some data may be corrupt. Please run fsck.
[   10.770084] FAT-fs (sda1): Volume was not properly unmounted. Some data may be corrupt. Please run fsck.
[   11.085447] loop0: Can't mount, would change RO state
[   11.608167] loop0: Can't mount, would change RO state
[   11.754267] usb-conn-gpio connector: supply vbus not found, using dummy regulator
[   11.772453] remoteproc remoteproc2: 30074000.pru is available
[   11.774389] usb-conn-gpio connector: supply vbus not found, using dummy regulator
[   11.777258] remoteproc remoteproc3: 30078000.pru is available
[   11.778098] usb-conn-gpio connector: supply vbus not found, using dummy regulator
[   11.816847] virtio_rpmsg_bus virtio0: rpmsg host is online
[   11.817835] usb-conn-gpio connector: supply vbus not found, using dummy regulator
[   11.819098] virtio_rpmsg_bus virtio0: creating channel ti.ipc4.ping-pong addr 0xd
[   11.819267] virtio_rpmsg_bus virtio0: creating channel rpmsg_chrdev addr 0xe
[   11.819983] virtio_rpmsg_bus virtio1: rpmsg host is online
[   11.820357] virtio_rpmsg_bus virtio1: creating channel ti.ipc4.ping-pong addr 0xd
[   11.820516] virtio_rpmsg_bus virtio1: creating channel rpmsg_chrdev addr 0xe
[   11.821382] usb-conn-gpio connector: supply vbus not found, using dummy regulator
[   11.842026] m_can_platform 20701000.can mcan0: renamed from can0
[   11.878476] rpmsg_client_sample virtio0.ti.ipc4.ping-pong.-1.13: new channel: 0x400 -> 0xd!
[   11.878655] rpmsg_client_sample virtio0.ti.ipc4.ping-pong.-1.13: incoming msg 1 (src: 0xd)
[   11.878792] rpmsg_client_sample virtio0.ti.ipc4.ping-pong.-1.13: incoming msg 2 (src: 0xd)
[   11.878883] rpmsg_client_sample virtio0.ti.ipc4.ping-pong.-1.13: incoming msg 3 (src: 0xd)
[   11.878929] rpmsg_client_sample virtio0.ti.ipc4.ping-pong.-1.13: incoming msg 4 (src: 0xd)
[   11.878993] rpmsg_client_sample virtio0.ti.ipc4.ping-pong.-1.13: incoming msg 5 (src: 0xd)
[   11.879046] rpmsg_client_sample virtio0.ti.ipc4.ping-pong.-1.13: incoming msg 6 (src: 0xd)
[   11.879105] rpmsg_client_sample virtio0.ti.ipc4.ping-pong.-1.13: incoming msg 7 (src: 0xd)
[   11.879163] rpmsg_client_sample virtio0.ti.ipc4.ping-pong.-1.13: incoming msg 8 (src: 0xd)
[   11.879224] rpmsg_client_sample virtio0.ti.ipc4.ping-pong.-1.13: incoming msg 9 (src: 0xd)
[   11.879277] rpmsg_client_sample virtio0.ti.ipc4.ping-pong.-1.13: incoming msg 10 (src: 0xd)
[   11.879337] rpmsg_client_sample virtio0.ti.ipc4.ping-pong.-1.13: incoming msg 11 (src: 0xd)
[   11.879386] rpmsg_client_sample virtio0.ti.ipc4.ping-pong.-1.13: incoming msg 12 (src: 0xd)
[   11.879440] rpmsg_client_sample virtio0.ti.ipc4.ping-pong.-1.13: incoming msg 13 (src: 0xd)
[   11.879500] rpmsg_client_sample virtio0.ti.ipc4.ping-pong.-1.13: incoming msg 14 (src: 0xd)
[   11.879554] rpmsg_client_sample virtio0.ti.ipc4.ping-pong.-1.13: incoming msg 15 (src: 0xd)
[   11.879618] rpmsg_client_sample virtio0.ti.ipc4.ping-pong.-1.13: incoming msg 16 (src: 0xd)
[   11.879677] rpmsg_client_sample virtio0.ti.ipc4.ping-pong.-1.13: incoming msg 17 (src: 0xd)
[   11.879734] rpmsg_client_sample virtio0.ti.ipc4.ping-pong.-1.13: incoming msg 18 (src: 0xd)
[   11.879792] rpmsg_client_sample virtio0.ti.ipc4.ping-pong.-1.13: incoming msg 19 (src: 0xd)
done[   11.879855] rpmsg_client_sample virtio0.ti.ipc4.ping-pong.-1.13: incoming msg 20 (src: 0xd)

[   11.879904] rpmsg_client_sample virtio0.ti.ipc4.ping-pong.-1.13: incoming msg 21 (src: 0xd)
[   11.879961] rpmsg_client_sample virtio0.ti.ipc4.ping-pong.-1.13: incoming msg 22 (src: 0xd)
[   11.880020] rpmsg_client_sample virtio0.ti.ipc4.ping-pong.-1.13: incoming msg 23 (src: 0xd)
[   11.880082] rpmsg_client_sample virtio0.ti.ipc4.ping-pong.-1.13: incoming msg 24 (src: 0xd)
[   11.880131] rpmsg_client_sample virtio0.ti.ipc4.ping-pong.-1.13: incoming msg 25 (src: 0xd)
[   11.880184] rpmsg_client_sample virtio0.ti.ipc4.ping-pong.-1.13: incoming msg 26 (src: 0xd)
[   11.880241] rpmsg_client_sample virtio0.ti.ipc4.ping-pong.-1.13: incoming msg 27 (src: 0xd)
[   11.880298] rpmsg_client_sample virtio0.ti.ipc4.ping-pong.-1.13: incoming msg 28 (src: 0xd)
[   11.880356] rpmsg_client_sample virtio0.ti.ipc4.ping-pong.-1.13: incoming msg 29 (src: 0xd)
Initializing random number generator: [   11.880415] rpmsg_client_sample virtio0.ti.ipc4.ping-pong.-1.13: incoming msg 30 (src: 0xd)
[   11.880479] rpmsg_client_sample virtio0.ti.ipc4.ping-pong.-1.13: incoming msg 31 (src: 0xd)
[   11.880537] rpmsg_client_sample virtio0.ti.ipc4.ping-pong.-1.13: incoming msg 32 (src: 0xd)
[   11.880608] rpmsg_client_sample virtio0.ti.ipc4.ping-pong.-1.13: incoming msg 33 (src: 0xd)
OK
[   11.880697] rpmsg_client_sample virtio0.ti.ipc4.ping-pong.-1.13: incoming msg 34 (src: 0xd)
Saving random seed: [   11.880742] rpmsg_client_sample virtio0.ti.ipc4.ping-pong.-1.13: incoming msg 35 (src: 0xd)
[   11.880795] rpmsg_client_sample virtio0.ti.ipc4.ping-pong.-1.13: incoming msg 36 (src: 0xd)
OK
[   11.880853] rpmsg_client_sample virtio0.ti.ipc4.ping-pong.-1.13: incoming msg 37 (src: 0xd)
[   11.880911] rpmsg_client_sample virtio0.ti.ipc4.ping-pong.-1.13: incoming msg 38 (src: 0xd)
[   11.880969] rpmsg_client_sample virtio0.ti.ipc4.ping-pong.-1.13: incoming msg 39 (src: 0xd)
[   11.881021] rpmsg_client_sample virtio0.ti.ipc4.ping-pong.-1.13: incoming msg 40 (src: 0xd)
[   11.881079] rpmsg_client_sample virtio0.ti.ipc4.ping-pong.-1.13: incoming msg 41 (src: 0xd)
Starting haveged: [   11.881132] rpmsg_client_sample virtio0.ti.ipc4.ping-pong.-1.13: incoming msg 42 (src: 0xd)
[   11.881190] rpmsg_client_sample virtio0.ti.ipc4.ping-pong.-1.13: incoming msg 43 (src: 0xd)
[   11.881247] rpmsg_client_sample virtio0.ti.ipc4.ping-pong.-1.13: incoming msg 44 (src: 0xd)
[   11.881322] rpmsg_client_sample virtio0.ti.ipc4.ping-pong.-1.13: incoming msg 45 (src: 0xd)
[   11.881385] rpmsg_client_sample virtio0.ti.ipc4.ping-pong.-1.13: incoming msg 46 (src: 0xd)
[   11.881463] rpmsg_client_sample virtio0.ti.ipc4.ping-pong.-1.13: incoming msg 47 (src: 0xd)
haveged: command socket is listening at fd 3
[   11.881525] rpmsg_client_sample virtio0.ti.ipc4.ping-pong.-1.13: incoming msg 48 (src: 0xd)
[   11.881582] rpmsg_client_sample virtio0.ti.ipc4.ping-pong.-1.13: incoming msg 49 (src: 0xd)
OK
[   11.881633] rpmsg_client_sample virtio0.ti.ipc4.ping-pong.-1.13: incoming msg 50 (src: 0xd)
[   11.881690] rpmsg_client_sample virtio0.ti.ipc4.ping-pong.-1.13: incoming msg 51 (src: 0xd)
[   11.881748] rpmsg_client_sample virtio0.ti.ipc4.ping-pong.-1.13: incoming msg 52 (src: 0xd)
[   11.881796] rpmsg_client_sample virtio0.ti.ipc4.ping-pong.-1.13: incoming msg 53 (src: 0xd)
[   11.881849] rpmsg_client_sample virtio0.ti.ipc4.ping-pong.-1.13: incoming msg 54 (src: 0xd)
Starting system message bus: [   11.881909] rpmsg_client_sample virtio0.ti.ipc4.ping-pong.-1.13: incoming msg 55 (src: 0xd)
[   11.881967] rpmsg_client_sample virtio0.ti.ipc4.ping-pong.-1.13: incoming msg 56 (src: 0xd)
[   11.882026] rpmsg_client_sample virtio0.ti.ipc4.ping-pong.-1.13: incoming msg 57 (src: 0xd)
[   11.882079] rpmsg_client_sample virtio0.ti.ipc4.ping-pong.-1.13: incoming msg 58 (src: 0xd)
[   11.882137] rpmsg_client_sample virtio0.ti.ipc4.ping-pong.-1.13: incoming msg 59 (src: 0xd)
[   11.882194] rpmsg_client_sample virtio0.ti.ipc4.ping-pong.-1.13: incoming msg 60 (src: 0xd)
[   11.882798] rpmsg_client_sample virtio0.ti.ipc4.ping-pong.-1.13: incoming msg 61 (src: 0xd)
[   11.883169] rpmsg_client_sample virtio0.ti.ipc4.ping-pong.-1.13: incoming msg 62 (src: 0xd)
[   11.883319] rpmsg_client_sample virtio0.ti.ipc4.ping-pong.-1.13: incoming msg 63 (src: 0xd)
[   11.883368] rpmsg_client_sample virtio0.ti.ipc4.ping-pong.-1.13: incoming msg 64 (src: 0xd)
[   11.883430] rpmsg_client_sample virtio0.ti.ipc4.ping-pong.-1.13: incoming msg 65 (src: 0xd)
[   11.883489] rpmsg_client_sample virtio0.ti.ipc4.ping-pong.-1.13: incoming msg 66 (src: 0xd)
[   11.883553] rpmsg_client_sample virtio0.ti.ipc4.ping-pong.-1.13: incoming msg 67 (src: 0xd)
dbus[835]: Unknown username "pulse" in message bus configuration file
[   11.883895] rpmsg_client_sample virtio0.ti.ipc4.ping-pong.-1.13: incoming msg 68 (src: 0xd)
[   11.883952] rpmsg_client_sample virtio0.ti.ipc4.ping-pong.-1.13: incoming msg 69 (src: 0xd)
[   11.884001] rpmsg_client_sample virtio0.ti.ipc4.ping-pong.-1.13: incoming msg 70 (src: 0xd)
done
[   11.884065] rpmsg_client_sample virtio0.ti.ipc4.ping-pong.-1.13: incoming msg 71 (src: 0xd)
[   11.884114] rpmsg_client_sample virtio0.ti.ipc4.ping-pong.-1.13: incoming msg 72 (src: 0xd)
[   11.884171] rpmsg_client_sample virtio0.ti.ipc4.ping-pong.-1.13: incoming msg 73 (src: 0xd)
Starting rpcbind: [   11.884229] rpmsg_client_sample virtio0.ti.ipc4.ping-pong.-1.13: incoming msg 74 (src: 0xd)
[   11.884289] rpmsg_client_sample virtio0.ti.ipc4.ping-pong.-1.13: incoming msg 75 (src: 0xd)
[   11.884347] rpmsg_client_sample virtio0.ti.ipc4.ping-pong.-1.13: incoming msg 76 (src: 0xd)
[   11.884409] rpmsg_client_sample virtio0.ti.ipc4.ping-pong.-1.13: incoming msg 77 (src: 0xd)
[   11.884468] rpmsg_client_sample virtio0.ti.ipc4.ping-pong.-1.13: incoming msg 78 (src: 0xd)
[   11.884532] rpmsg_client_sample virtio0.ti.ipc4.ping-pong.-1.13: incoming msg 79 (src: 0xd)
[   11.884580] rpmsg_client_sample virtio0.ti.ipc4.ping-pong.-1.13: incoming msg 80 (src: 0xd)
[   11.884638] rpmsg_client_sample virtio0.ti.ipc4.ping-pong.-1.13: incoming msg 81 (src: 0xd)
[   11.884688] rpmsg_client_sample virtio0.ti.ipc4.ping-pong.-1.13: incoming msg 82 (src: 0xd)
[   11.884748] rpmsg_client_sample virtio0.ti.ipc4.ping-pong.-1.13: incoming msg 83 (src: 0xd)
OK
[   11.884806] rpmsg_client_sample virtio0.ti.ipc4.ping-pong.-1.13: incoming msg 84 (src: 0xd)
[   11.884854] rpmsg_client_sample virtio0.ti.ipc4.ping-pong.-1.13: incoming msg 85 (src: 0xd)
[   11.884918] rpmsg_client_sample virtio0.ti.ipc4.ping-pong.-1.13: incoming msg 86 (src: 0xd)
[   11.884967] rpmsg_client_sample virtio0.ti.ipc4.ping-pong.-1.13: incoming msg 87 (src: 0xd)
Starting iptables: [   11.885023] rpmsg_client_sample virtio0.ti.ipc4.ping-pong.-1.13: incoming msg 88 (src: 0xd)
[   11.885081] rpmsg_client_sample virtio0.ti.ipc4.ping-pong.-1.13: incoming msg 89 (src: 0xd)
[   11.885142] rpmsg_client_sample virtio0.ti.ipc4.ping-pong.-1.13: incoming msg 90 (src: 0xd)
[   11.885199] rpmsg_client_sample virtio0.ti.ipc4.ping-pong.-1.13: incoming msg 91 (src: 0xd)
[   11.885256] rpmsg_client_sample virtio0.ti.ipc4.ping-pong.-1.13: incoming msg 92 (src: 0xd)
[   11.885314] rpmsg_client_sample virtio0.ti.ipc4.ping-pong.-1.13: incoming msg 93 (src: 0xd)
OK[   11.885377] rpmsg_client_sample virtio0.ti.ipc4.ping-pong.-1.13: incoming msg 94 (src: 0xd)

[   11.885435] rpmsg_client_sample virtio0.ti.ipc4.ping-pong.-1.13: incoming msg 95 (src: 0xd)
[   11.885492] rpmsg_client_sample virtio0.ti.ipc4.ping-pong.-1.13: incoming msg 96 (src: 0xd)
[   11.885551] rpmsg_client_sample virtio0.ti.ipc4.ping-pong.-1.13: incoming msg 97 (src: 0xd)
[   11.885615] rpmsg_client_sample virtio0.ti.ipc4.ping-pong.-1.13: incoming msg 98 (src: 0xd)
[   11.885664] rpmsg_client_sample virtio0.ti.ipc4.ping-pong.-1.13: incoming msg 99 (src: 0xd)
Starting bluetoothd: [   11.885726] rpmsg_client_sample virtio0.ti.ipc4.ping-pong.-1.13: incoming msg 100 (src: 0xd)
[   11.885733] rpmsg_client_sample virtio0.ti.ipc4.ping-pong.-1.13: goodbye!
[   11.886665] usb-conn-gpio connector: supply vbus not found, using dummy regulator
[   11.888792] rpmsg_client_sample virtio1.ti.ipc4.ping-pong.-1.13: new channel: 0x400 -> 0xd!
[   11.889199] rpmsg_client_sample virtio1.ti.ipc4.ping-pong.-1.13: incoming msg 1 (src: 0xd)
[   11.889504] rpmsg_client_sample virtio1.ti.ipc4.ping-pong.-1.13: incoming msg 2 (src: 0xd)
[   11.889783] rpmsg_client_sample virtio1.ti.ipc4.ping-pong.-1.13: incoming msg 3 (src: 0xd)
[   11.890052] rpmsg_client_sample virtio1.ti.ipc4.ping-pong.-1.13: incoming msg 4 (src: 0xd)
[   11.890348] rpmsg_client_sample virtio1.ti.ipc4.ping-pong.-1.13: incoming msg 5 (src: 0xd)
[   11.890802] rpmsg_client_sample virtio1.ti.ipc4.ping-pong.-1.13: incoming msg 6 (src: 0xd)
[   11.891128] rpmsg_client_sample virtio1.ti.ipc4.ping-pong.-1.13: incoming msg 7 (src: 0xd)
[   11.891549] rpmsg_client_sample virtio1.ti.ipc4.ping-pong.-1.13: incoming msg 8 (src: 0xd)
[   11.891823] rpmsg_client_sample virtio1.ti.ipc4.ping-pong.-1.13: incoming msg 9 (src: 0xd)
[   11.892065] rpmsg_client_sample virtio1.ti.ipc4.ping-pong.-1.13: incoming msg 10 (src: 0xd)
[   11.892364] rpmsg_client_sample virtio1.ti.ipc4.ping-pong.-1.13: incoming msg 11 (src: 0xd)
[   11.892701] rpmsg_client_sample virtio1.ti.ipc4.ping-pong.-1.13: incoming msg 12 (src: 0xd)
[   11.893004] rpmsg_client_sample virtio1.ti.ipc4.ping-pong.-1.13: incoming msg 13 (src: 0xd)
[   11.893312] rpmsg_client_sample virtio1.ti.ipc4.ping-pong.-1.13: incoming msg 14 (src: 0xd)
[   11.893639] rpmsg_client_sample virtio1.ti.ipc4.ping-pong.-1.13: incoming msg 15 (src: 0xd)
OK
[   11.893902] rpmsg_client_sample virtio1.ti.ipc4.ping-pong.-1.13: incoming msg 16 (src: 0xd)
[   11.894196] rpmsg_client_sample virtio1.ti.ipc4.ping-pong.-1.13: incoming msg 17 (src: 0xd)
[   11.894463] rpmsg_client_sample virtio1.ti.ipc4.ping-pong.-1.13: incoming msg 18 (src: 0xd)
[   11.894719] rpmsg_client_sample virtio1.ti.ipc4.ping-pong.-1.13: incoming msg 19 (src: 0xd)
Starting network: [   11.895013] rpmsg_client_sample virtio1.ti.ipc4.ping-pong.-1.13: incoming msg 20 (src: 0xd)
[   11.895322] rpmsg_client_sample virtio1.ti.ipc4.ping-pong.-1.13: incoming msg 21 (src: 0xd)
[   11.895640] rpmsg_client_sample virtio1.ti.ipc4.ping-pong.-1.13: incoming msg 22 (src: 0xd)
[   11.895926] rpmsg_client_sample virtio1.ti.ipc4.ping-pong.-1.13: incoming msg 23 (src: 0xd)
[   11.896192] rpmsg_client_sample virtio1.ti.ipc4.ping-pong.-1.13: incoming msg 24 (src: 0xd)
[   11.896492] rpmsg_client_sample virtio1.ti.ipc4.ping-pong.-1.13: incoming msg 25 (src: 0xd)
[   11.896755] rpmsg_client_sample virtio1.ti.ipc4.ping-pong.-1.13: incoming msg 26 (src: 0xd)
[   11.897053] rpmsg_client_sample virtio1.ti.ipc4.ping-pong.-1.13: incoming msg 27 (src: 0xd)
[   11.897359] rpmsg_client_sample virtio1.ti.ipc4.ping-pong.-1.13: incoming msg 28 (src: 0xd)
[   11.897651] rpmsg_client_sample virtio1.ti.ipc4.ping-pong.-1.13: incoming msg 29 (src: 0xd)
[   11.897952] rpmsg_client_sample virtio1.ti.ipc4.ping-pong.-1.13: incoming msg 30 (src: 0xd)
[   11.898267] rpmsg_client_sample virtio1.ti.ipc4.ping-pong.-1.13: incoming msg 31 (src: 0xd)
[   11.898572] rpmsg_client_sample virtio1.ti.ipc4.ping-pong.-1.13: incoming msg 32 (src: 0xd)
[   11.898886] rpmsg_client_sample virtio1.ti.ipc4.ping-pong.-1.13: incoming msg 33 (src: 0xd)
[   11.899217] rpmsg_client_sample virtio1.ti.ipc4.ping-pong.-1.13: incoming msg 34 (src: 0xd)
[   11.899489] rpmsg_client_sample virtio1.ti.ipc4.ping-pong.-1.13: incoming msg 35 (src: 0xd)
[   11.899777] rpmsg_client_sample virtio1.ti.ipc4.ping-pong.-1.13: incoming msg 36 (src: 0xd)
[   11.900090] rpmsg_client_sample virtio1.ti.ipc4.ping-pong.-1.13: incoming msg 37 (src: 0xd)
[   11.900398] rpmsg_client_sample virtio1.ti.ipc4.ping-pong.-1.13: incoming msg 38 (src: 0xd)
[   11.900766] rpmsg_client_sample virtio1.ti.ipc4.ping-pong.-1.13: incoming msg 39 (src: 0xd)
[   11.901054] rpmsg_client_sample virtio1.ti.ipc4.ping-pong.-1.13: incoming msg 40 (src: 0xd)
[   11.901359] rpmsg_client_sample virtio1.ti.ipc4.ping-pong.-1.13: incoming msg 41 (src: 0xd)
[   11.901660] rpmsg_client_sample virtio1.ti.ipc4.ping-pong.-1.13: incoming msg 42 (src: 0xd)
[   11.901968] rpmsg_client_sample virtio1.ti.ipc4.ping-pong.-1.13: incoming msg 43 (src: 0xd)
[   11.902272] rpmsg_client_sample virtio1.ti.ipc4.ping-pong.-1.13: incoming msg 44 (src: 0xd)
[   11.902540] rpmsg_client_sample virtio1.ti.ipc4.ping-pong.-1.13: incoming msg 45 (src: 0xd)
[   11.902845] rpmsg_client_sample virtio1.ti.ipc4.ping-pong.-1.13: incoming msg 46 (src: 0xd)
[   11.903147] rpmsg_client_sample virtio1.ti.ipc4.ping-pong.-1.13: incoming msg 47 (src: 0xd)
[   11.903443] rpmsg_client_sample virtio1.ti.ipc4.ping-pong.-1.13: incoming msg 48 (src: 0xd)
[   11.903742] rpmsg_client_sample virtio1.ti.ipc4.ping-pong.-1.13: incoming msg 49 (src: 0xd)
[   11.904045] rpmsg_client_sample virtio1.ti.ipc4.ping-pong.-1.13: incoming msg 50 (src: 0xd)
[   11.904338] rpmsg_client_sample virtio1.ti.ipc4.ping-pong.-1.13: incoming msg 51 (src: 0xd)
[   11.904647] rpmsg_client_sample virtio1.ti.ipc4.ping-pong.-1.13: incoming msg 52 (src: 0xd)
[   11.904947] rpmsg_client_sample virtio1.ti.ipc4.ping-pong.-1.13: incoming msg 53 (src: 0xd)
[   11.905248] rpmsg_client_sample virtio1.ti.ipc4.ping-pong.-1.13: incoming msg 54 (src: 0xd)
[   11.905507] rpmsg_client_sample virtio1.ti.ipc4.ping-pong.-1.13: incoming msg 55 (src: 0xd)
[   11.905803] rpmsg_client_sample virtio1.ti.ipc4.ping-pong.-1.13: incoming msg 56 (src: 0xd)
[   11.906108] rpmsg_client_sample virtio1.ti.ipc4.ping-pong.-1.13: incoming msg 57 (src: 0xd)
[   11.906367] rpmsg_client_sample virtio1.ti.ipc4.ping-pong.-1.13: incoming msg 58 (src: 0xd)
[   11.906662] rpmsg_client_sample virtio1.ti.ipc4.ping-pong.-1.13: incoming msg 59 (src: 0xd)
[   11.906969] rpmsg_client_sample virtio1.ti.ipc4.ping-pong.-1.13: incoming msg 60 (src: 0xd)
[   11.907226] rpmsg_client_sample virtio1.ti.ipc4.ping-pong.-1.13: incoming msg 61 (src: 0xd)
[   11.907622] rpmsg_client_sample virtio1.ti.ipc4.ping-pong.-1.13: incoming msg 62 (src: 0xd)
[   11.907909] rpmsg_client_sample virtio1.ti.ipc4.ping-pong.-1.13: incoming msg 63 (src: 0xd)
[   11.908213] rpmsg_client_sample virtio1.ti.ipc4.ping-pong.-1.13: incoming msg 64 (src: 0xd)
[   11.908493] rpmsg_client_sample virtio1.ti.ipc4.ping-pong.-1.13: incoming msg 65 (src: 0xd)
[   11.908833] rpmsg_client_sample virtio1.ti.ipc4.ping-pong.-1.13: incoming msg 66 (src: 0xd)
[   11.909059] rpmsg_client_sample virtio1.ti.ipc4.ping-pong.-1.13: incoming msg 67 (src: 0xd)
[   11.909387] rpmsg_client_sample virtio1.ti.ipc4.ping-pong.-1.13: incoming msg 68 (src: 0xd)
[   11.909679] rpmsg_client_sample virtio1.ti.ipc4.ping-pong.-1.13: incoming msg 69 (src: 0xd)
[   11.909980] rpmsg_client_sample virtio1.ti.ipc4.ping-pong.-1.13: incoming msg 70 (src: 0xd)
[   11.910245] rpmsg_client_sample virtio1.ti.ipc4.ping-pong.-1.13: incoming msg 71 (src: 0xd)
[   11.910535] rpmsg_client_sample virtio1.ti.ipc4.ping-pong.-1.13: incoming msg 72 (src: 0xd)
[   11.910848] rpmsg_client_sample virtio1.ti.ipc4.ping-pong.-1.13: incoming msg 73 (src: 0xd)
[   11.911134] rpmsg_client_sample virtio1.ti.ipc4.ping-pong.-1.13: incoming msg 74 (src: 0xd)
[   11.911431] rpmsg_client_sample virtio1.ti.ipc4.ping-pong.-1.13: incoming msg 75 (src: 0xd)
[   11.911809] rpmsg_client_sample virtio1.ti.ipc4.ping-pong.-1.13: incoming msg 76 (src: 0xd)
[   11.912087] rpmsg_client_sample virtio1.ti.ipc4.ping-pong.-1.13: incoming msg 77 (src: 0xd)
[   11.912391] rpmsg_client_sample virtio1.ti.ipc4.ping-pong.-1.13: incoming msg 78 (src: 0xd)
[   11.912696] rpmsg_client_sample virtio1.ti.ipc4.ping-pong.-1.13: incoming msg 79 (src: 0xd)
[   11.912990] rpmsg_client_sample virtio1.ti.ipc4.ping-pong.-1.13: incoming msg 80 (src: 0xd)
[   11.913256] rpmsg_client_sample virtio1.ti.ipc4.ping-pong.-1.13: incoming msg 81 (src: 0xd)
[   11.913555] rpmsg_client_sample virtio1.ti.ipc4.ping-pong.-1.13: incoming msg 82 (src: 0xd)
[   11.913860] rpmsg_client_sample virtio1.ti.ipc4.ping-pong.-1.13: incoming msg 83 (src: 0xd)
[   11.914157] rpmsg_client_sample virtio1.ti.ipc4.ping-pong.-1.13: incoming msg 84 (src: 0xd)
[   11.914452] rpmsg_client_sample virtio1.ti.ipc4.ping-pong.-1.13: incoming msg 85 (src: 0xd)
[   11.914755] rpmsg_client_sample virtio1.ti.ipc4.ping-pong.-1.13: incoming msg 86 (src: 0xd)
[   11.915053] rpmsg_client_sample virtio1.ti.ipc4.ping-pong.-1.13: incoming msg 87 (src: 0xd)
[   11.915349] rpmsg_client_sample virtio1.ti.ipc4.ping-pong.-1.13: incoming msg 88 (src: 0xd)
[   11.915646] rpmsg_client_sample virtio1.ti.ipc4.ping-pong.-1.13: incoming msg 89 (src: 0xd)
[   11.915938] rpmsg_client_sample virtio1.ti.ipc4.ping-pong.-1.13: incoming msg 90 (src: 0xd)
[   11.916236] rpmsg_client_sample virtio1.ti.ipc4.ping-pong.-1.13: incoming msg 91 (src: 0xd)
[   11.916537] rpmsg_client_sample virtio1.ti.ipc4.ping-pong.-1.13: incoming msg 92 (src: 0xd)
[   11.916797] rpmsg_client_sample virtio1.ti.ipc4.ping-pong.-1.13: incoming msg 93 (src: 0xd)
[   11.917098] rpmsg_client_sample virtio1.ti.ipc4.ping-pong.-1.13: incoming msg 94 (src: 0xd)
[   11.917401] rpmsg_client_sample virtio1.ti.ipc4.ping-pong.-1.13: incoming msg 95 (src: 0xd)
[   11.917687] rpmsg_client_sample virtio1.ti.ipc4.ping-pong.-1.13: incoming msg 96 (src: 0xd)
[   11.917999] rpmsg_client_sample virtio1.ti.ipc4.ping-pong.-1.13: incoming msg 97 (src: 0xd)
OK[   11.918302] rpmsg_client_sample virtio1.ti.ipc4.ping-pong.-1.13: incoming msg 98 (src: 0xd)

[   11.918595] rpmsg_client_sample virtio1.ti.ipc4.ping-pong.-1.13: incoming msg 99 (src: 0xd)
[   11.918938] rpmsg_client_sample virtio1.ti.ipc4.ping-pong.-1.13: incoming msg 100 (src: 0xd)
[   11.918947] rpmsg_client_sample virtio1.ti.ipc4.ping-pong.-1.13: goodbye!
[   11.920880] usb-conn-gpio connector: supply vbus not found, using dummy regulator
[   11.929195] cdns-csi2rx 30101000.csi-bridge: Probed CSI2RX with 4/4 lanes, 4 streams, external D-PHY
[   11.930287] usb-conn-gpio connector: supply vbus not found, using dummy regulator
[   11.940093] m_can_platform 4e00000.can mcan1: renamed from can1
[   12.000943] m_can_platform 4e10000.can mcan2: renamed from can2
[   12.669614] NET: Registered protocol family 10
[   12.672435] Segment Routing with IPv6
Starting NetworkManager ... [   12.978470] Bluetooth: Core ver 2.22
[   12.981549] NET: Registered protocol family 31
[   12.981563] Bluetooth: HCI device and connection manager initialized
[   12.981657] Bluetooth: HCI socket layer initialized
[   12.981671] Bluetooth: L2CAP socket layer initialized
[   12.981749] Bluetooth: SCO socket layer initialized
[   13.428464] am65-cpsw-nuss 8000000.ethernet eth0: PHY [8000f00.mdio:05] driver [YT8531S Gigabit Ethernet] (irq=POLL)
[   13.428499] am65-cpsw-nuss 8000000.ethernet eth0: configuring for phy/rgmii-rxid link mode
[   13.617718] am65-cpsw-nuss 8000000.ethernet eth1: PHY [8000f00.mdio:07] driver [YT8531S Gigabit Ethernet] (irq=POLL)
[   13.617752] am65-cpsw-nuss 8000000.ethernet eth1: configuring for phy/rgmii-rxid link mode
done.
Starting ntpd: OK
Starting nginx...
Starting polkitd: OK
Starting sshd: OK
Starting NFS statd: OK
Starting NFS services: OK
Starting NFS daemon: rpc.nfsd: Unable to access /proc/fs/nfsd errno 2 (No such file or directory).
Please try, as root, 'mount -t nfsd nfsd /proc/fs/nfsd' and then restart rpc.nfsd to correct the problem
FAIL
Starting NFS mountd: OK
Starting linuxptp daemon: OK
Starting linuxptp system clock synchronization: OK
Starting input-event-daemon: done

COLUMNS=231;LINES=60;export COLUMNS LINES;
SOCID:0x1d083 SOC:AM6232
MAC addresses have been written to /tmp/mac_addr.txt
00:14:97:A3:B8:F3
00:14:97:A3:B8:F4
[   15.906769] am65-cpsw-nuss 8000000.ethernet eth0: PHY [8000f00.mdio:05] driver [YT8531S Gigabit Ethernet] (irq=POLL)
[   15.906810] am65-cpsw-nuss 8000000.ethernet eth0: configuring for phy/rgmii-rxid link mode
[   15.990113] am65-cpsw-nuss 8000000.ethernet eth1: PHY [8000f00.mdio:07] driver [YT8531S Gigabit Ethernet] (irq=POLL)
[   15.990150] am65-cpsw-nuss 8000000.ethernet eth1: configuring for phy/rgmii-rxid link mode
D/TC:? 0 tee_ta_init_session_with_context:624 Re-open TA 7011a688-ddde-4053-a5a9-7b3c4ddf13b8
F/TC:? 0 plat_prng_add_jitter_entropy:72 0x7F
D/TC:? 0 tee_ta_close_session:529 csess 0x9e886780 id 2
D/TC:? 0 tee_ta_close_session:548 Destroy session
root@AM62x:~#
root@AM62x:~#
root@AM62x:~#
root@AM62x:~#
root@AM62x:~# [   17.865834] sh (1024): drop_caches: 3
[   18.992873] am65-cpsw-nuss 8000000.ethernet eth0: Link is Up - 1Gbps/Full - flow control rx/tx
[   18.992988] IPv6: ADDRCONF(NETDEV_CHANGE): eth0: link becomes ready

root@AM62x:~# [   19.056536] am65-cpsw-nuss 8000000.ethernet eth1: Link is Up - 1Gbps/Full - flow control rx/tx
[   19.119977] IPv6: ADDRCONF(NETDEV_CHANGE): eth1: link becomes ready

root@AM62x:~#
root@AM62x:~# devmem 0x43000200 32
0x1028D6D7
root@AM62x:~# devmem 0x43000204 32
0x0000641C
root@AM62x:~# devmem 0x2B1F0030 32
0xCC606133
root@AM62x:~# devmem 0x2B1F0034 32
0x5BFFFAEA
root@AM62x:~# F/TC:? 0 invoke_command:63 rng.pta command 0 ptypes 0x7
F/TC:? 0 invoke_command:63 rng.pta command 0 ptypes 0x7

root@AM62x:~#
root@AM62x:~#
root@AM62x:~#
root@AM62x:~#
root@AM62x:~# F/TC:? 0 invoke_command:63 rng.pta command 0 ptypes 0x7
F/TC:? 0 invoke_command:63 rng.pta command 0 ptypes 0x7
F/TC:? 0 invoke_command:63 rng.pta command 0 ptypes 0x7
F/TC:? 0 invoke_command:63 rng.pta command 0 ptypes 0x7
F/TC:? 0 invoke_command:63 rng.pta command 0 ptypes 0x7
F/TC:? 0 invoke_command:63 rng.pta command 0 ptypes 0x7
F/TC:? 0 invoke_command:63 rng.pta command 0 ptypes 0x7
F/TC:? 0 invoke_command:63 rng.pta command 0 ptypes 0x7
F/TC:? 0 invoke_command:63 rng.pta command 0 ptypes 0x7
F/TC:? 0 invoke_command:63 rng.pta command 0 ptypes 0x7

root@AM62x:~#
root@AM62x:~#
root@AM62x:~#
root@AM62x:~# teeF/TC:? 0 invoke_command:63 rng.pta command 0 ptypes 0x7
_^C
root@AM62x:~#
[1]-  Done                    ${awtk_file} > /dev/null 2>&1
root@AM62x:~#
root@AM62x:~#
root@AM62x:~# tee_otp

Usage:

  MMR Operations:
    - tee_otp read_mmr  <mmr_addr>
    - tee_otp write_mmr <mmr_addr> <value>

  Row Operations:
    - tee_otp read_row  <row_addr>
    - tee_otp write_row <row_addr> <value_low> <value_high>

  Locking Operations:
    - tee_otp lock <row_addr> <lock_type>
    - tee_otp lock_status <row_addr>

    Lock Type:
      - Combination of the following flags:
          1 - Soft lock
          2 - Hardware read lock
          4 - Hardware write lock

  Notes:
    - Ensure you have the necessary permissions to perform these operations.
    - mmr_addr address range is 0 to 31.
    - row_addr address range is 0 to 41.

root@AM62x:~#
root@AM62x:~# tee_otp read_mmr 26
D/TC:? 0 tee_ta_init_pseudo_ta_session:296 Lookup pseudo TA acc50f40-0613-4abd-8dfe-a964cb74eb69
D/TC:? 0 tee_ta_init_pseudo_ta_session:309 Open pta_k3_otp.ta
D/TC:? 0 tee_ta_init_pseudo_ta_session:326 pta_k3_otp.ta : acc50f40-0613-4abd-8dfe-a964cb74eb69
F/TC:? 0 k3_sec_proxy_send:131 Verifying the thread
F/TC:? 0 k3_sec_proxy_verify_thread:71 Check for thread corruption
F/TC:? 0 k3_sec_proxy_verify_thread:88 Check for thread direction
F/TC:? 0 k3_sec_proxy_verify_thread:100 Check for thread queue
F/TC:? 0 k3_sec_proxy_verify_thread:113 Success
F/TC:? 0 k3_sec_proxy_recv:193 Verifying thread
F/TC:? 0 k3_sec_proxy_verify_thread:71 Check for thread corruption
F/TC:? 0 k3_sec_proxy_verify_thread:88 Check for thread direction
F/TC:? 0 k3_sec_proxy_verify_thread:100 Check for thread queue
F/TC:? 0 k3_sec_proxy_verify_thread:113 Success
D/TC:? 0 read_otp_mmr:84 Got the value: 0x001497a3
Read value: 0x001497a3
D/TC:? 0 tee_ta_close_session:529 csess 0x9e886780 id 2
D/TC:? 0 tee_ta_close_session:548 Destroy session
root@AM62x:~#
root@AM62x:~#
root@AM62x:~#
root@AM62x:~# tee_otp lock_status 26
D/TC:? 0 tee_ta_init_session_with_context:624 Re-open TA acc50f40-0613-4abd-8dfe-a964cb74eb69
F/TC:? 0 k3_sec_proxy_send:131 Verifying the thread
F/TC:? 0 k3_sec_proxy_verify_thread:71 Check for thread corruption
F/TC:? 0 k3_sec_proxy_verify_thread:88 Check for thread direction
F/TC:? 0 k3_sec_proxy_verify_thread:100 Check for thread queue
F/TC:? 0 k3_sec_proxy_verify_thread:113 Success
F/TC:? 0 k3_sec_proxy_recv:193 Verifying thread
F/TC:? 0 k3_sec_proxy_verify_thread:71 Check for thread corruption
F/TC:? 0 k3_sec_proxy_verify_thread:88 Check for thread direction
F/TC:? 0 k3_sec_proxy_verify_thread:100 Check for thread queue
F/TC:? 0 k3_sec_proxy_verify_thread:113 Success
D/TC:? 0 ti_sci_get_response:141 Message not acknowledged
D/TC:? 0 tee_ta_invoke_command:840 Error: ffff0001 of 4
TEEC_InvokeCommand failed with code 0xffff0001 origin 0x4F/TC:? 0 plat_prng_add_jitter_entropy:72 0x8D

D/TC:? 0 tee_ta_close_session:529 csess 0x9e8865d0 id 2
D/TC:? 0 tee_ta_close_session:548 Destroy session
root@AM62x:~#
root@AM62x:~#
root@AM62x:~# tee_otp lock_status 13
D/TC:? 0 tee_ta_init_session_with_context:624 Re-open TA acc50f40-0613-4abd-8dfe-a964cb74eb69
F/TC:? 0 k3_sec_proxy_send:131 Verifying the thread
F/TC:? 0 k3_sec_proxy_verify_thread:71 Check for thread corruption
F/TC:? 0 k3_sec_proxy_verify_thread:88 Check for thread direction
F/TC:? 0 k3_sec_proxy_verify_thread:100 Check for thread queue
F/TC:? 0 k3_sec_proxy_verify_thread:113 Success
F/TC:? 0 k3_sec_proxy_recv:193 Verifying thread
F/TC:? 0 k3_sec_proxy_verify_thread:71 Check for thread corruption
F/TC:? 0 k3_sec_proxy_verify_thread:88 Check for thread direction
F/TC:? 0 k3_sec_proxy_verify_thread:100 Check for thread queue
F/TC:? 0 k3_sec_proxy_verify_thread:113 Success
D/TC:? 0 ti_sci_get_response:141 Message not acknowledged
D/TC:? 0 tee_ta_invoke_command:840 Error: ffff0001 of 4
TEEC_InvokeCommand failed with code 0xffff0001 origin 0x4D/TC:? 0 tee_ta_close_session:529 csess 0x9e8865d0 id 2

D/TC:? 0 tee_ta_close_session:548 Destroy session
```

### M4 log
```text
0x6180010C
0x61C0003D
0x612B7C76
0x612B7C76
Sciserver Testapp Built On: Nov  6 2024 14:54:16
Sciserver Version: v2023.01.0.0REL.MCUSDK.08.06.00.10+
RM_PM_HAL Version: REL.MCUSDK.08.06.00.10
Starting Sciserver..... PASSED
0x6180010E
0x61C0003D
GTC freq: 200000000
[IPC RPMSG ECHO] Version: REL.MCUSDK.08.06.00.12 (Nov  7 2024 09:55:55):
0x6180010E
0x61C00092
0x61800200
0x61C00092
0x62000002
0x61800200
0x61C0003A
0x62000002
0x6180010E
0x61C0183A
0x6180010E
0x61C00092
0x61800200
0x61C00092
0x62000002
0x6180010E
0x61C00092
0x61800200
0x61C00092
0x62000002
0x61800200
0x61C00039
0x62000002
0x62D00067
0x64150000
0x6418802F
0x62D00068
0x60800088
0x608000B9
0x60000039
0x63950000
0x6398802F
0x61800104
0x61C01839
0x61800102
0x61C01839
0x62000008
0x614004B9
0x6180010E
0x61C01839
0x61800200
0x61C0003A
0x62000002
0x6180010E
0x61C0183A
0x61800200
0x61C000B8
0x62000002
0x62D00069
0x64158000
0x64188030
0x62D0006A
0x6080008A
0x608000BB
0x600000B8
0x63958000
0x63988030
0x6180010E
0x61C018B8
0x61800200
0x61C0000D
0x62000002
0x62D08000
0x62D0006B
0x641A4000
0x64188031
0x62D08001
0x60800037
0x60800038
0x608000B7
0x6000000D
0x639A4000
0x63988031
0x61800104
0x61C00C0D
0x61800102
0x61C00C0D
0x6200000B
0x61800200
0x61C000B2
0x62000002
0x62D0006C
0x64130000
0x6395C000
0x6415C000
0x63988032
0x64188032
0x62D0006D
0x62D0006E
0x600000B2
0x63930000
0x6180010E
0x61C00CA1
0x61800200
0x61C000B3
0x62000002
0x62D0006F
0x64134000
0x63960000
0x64160000
0x63988033
0x64188033
0x62D00070
0x62D00071
0x600000B3
0x63934000
0x6180010E
0x61C00CA2
0x6180010E
0x61C0000D
0x61800200
0x61C0004F
0x62000002
0x61800200
0x61C0004D
0x62000002
0x61800200
0x61C0004E
0x62000002
0x61800200
0x61C0004F
0x62000000
0x6040004F
0x63C00004
0x60C000E6
0x64400004
0x6300000A
0x61800200
0x61C0004D
0x62000000
0x6040004D
0x63D00015
0x64500015
0x63100072
0x61800200
0x61C0004E
0x62000000
0x6040004E
0x63D00014
0x64500014
0x63100071
0x61800200
0x61C00039
0x62000000
0x60400039
0x63D50001
0x63D88034
0x60C000B9
0x60C00088
0x64550001
0x63100070
0x64588034
0x6310006F
0x61800200
0x61C0003A
0x62000000
0x6040003A
0x63D54001
0x63D88033
0x60C000BA
0x60C00089
0x64554001
0x6310006E
0x64588033
0x6310006D
0x61800200
0x61C000B8
0x62000000
0x604000B8
0x63D58001
0x63D88032
0x60C000BB
0x60C0008A
0x64558001
0x6310006C
0x64588032
0x6310006B
0x61800200
0x61C000B2
0x62000000
0x604000B2
0x63D30001
0x64530001
0x6310006A
0x61800200
0x61C000B3
0x62000000
0x604000B3
0x63D34001
0x64534001
0x63100069
0x61800200
0x61C0000D
0x62000000
0x6040000D
0x63DA4001
0x63D88031
0x60C000B7
0x60C00038
0x60C00037
0x645A4001
0x63108002
0x64588031
0x63108001
0x63100068
0x61800200
0x61C00088
0x62000002
0x62D14000
0x62D0C003
0x641B8000
0x641A8002
0x62D14001
0x60000088
0x639B8000
0x639A8002
0x61800104
0x61C00095
0x61800104
0x61C0086A
0x61800104
0x61C00093
0x61800104
0x61C0004F
0x61800104
0x61C018BC
0x61800104
0x61C004BC
0x61800104
0x61C018BD
0x61800104
0x61C004BD
0x61800104
0x61C0106B
0x61800104
0x61C01875
0x61800104
0x61C00075
0x61800104
0x61C00074
0x61800104
0x61C00824
0x61800104
0x61C00825
0x61800104
0x61C00826
0x61800104
0x61C00827
0x61800104
0x61C00828
0x61800104
0x61C00829
0x61800104
0x61C0082A
0x61800104
0x61C0082B
0x61800104
0x61C00092
0x61800104
0x61C00098
0x61800104
0x61C0009A
0x61800104
0x61C0009B
0x61800104
0x61C0009C
0x61800104
0x61C0009E
0x61800104
0x61C00866
0x61800104
0x61C00867
0x61800104
0x61C00868
0x61800104
0x61C0008D
0x61800104
0x61C0004D
0x61800104
0x61C0004E
0x61800104
0x61C01439
0x61800104
0x61C01839
0x61800104
0x61C0143A
0x61800104
0x61C0183A
0x61800104
0x61C00CA1
0x61800104
0x61C00CA2
0x61800104
0x61C01C4B
0x61800104
0x61C0000D
0x61800104
0x61C0000D
0x61800104
0x61C00C0D
0x61800104
0x61C018BA
0x61800104
0x61C000BA
0x61800104
0x61C008BA
0x61800104
0x61C000B6
0x61800104
0x61C00CB6
0x61800104
0x61C000B6
0x61800104
0x61C000B6
0x61800104
0x61C010B6
0x61800104
0x61C010B6
0x61800104
0x61C01862
0x61800104
0x61C00462
0x61800104
0x61C0007D
0x61800104
0x61C0007E
0x61800104
0x61C00056
0x61800104
0x61C00057
0x61800104
0x61C00033
0x61800104
0x61C00034
0x61800104
0x61C000BF
0x61800104
0x61C00051
0x61800104
0x61C05051
0x61800104
0x61C00C51
0x61800104
0x61C00050
0x61800104
0x61C00036
0x61800104
0x61C00087
0x61800104
0x61C00088
0x61800104
0x61C00824
0x61800104
0x61C00825
0x61800104
0x61C00826
0x61800104
0x61C00827
0x61800104
0x61C00828
0x61800104
0x61C00829
0x61800104
0x61C0082A
0x61800104
0x61C0082B
0x61800104
0x61C01839
0x61800104
0x61C01C4B
0x61800104
0x61C00C0D
0x61800104
0x61C0007D
0x61800104
0x61C0007E
0x61800104
0x61C000BF
0x61800104
0x61C00C24
0x61800104
0x61C00C25
0x61800104
0x61C00C26
0x61800104
0x61C00C27
0x61800104
0x61C00C28
0x61800104
0x61C00C29
0x61800104
0x61C00C2A
0x61800104
0x61C00C2B
0x61800104
0x61C02039
0x61800104
0x61C0204B
0x61800104
0x61C02C0D
0x61800104
0x61C0087D
0x61800104
0x61C0087E
0x61800104
0x61C008BF
0x61800104
0x61C05051
0x6180010E
0x61C0000D
0x61800103
0x61C00C0D
0x6180010E
0x61C00C0D
0x61800103
0x61C00C0D
0x6180010E
0x61C0100D
0x61800103
0x61C00C0D
0x6180010E
0x61C0140D
0x61800103
0x61C00C0D
0x6180010E
0x61C0180D
0x61800103
0x61C00C0D
0x6180010E
0x61C01C0D
0x61800103
0x61C00C0D
0x6180010E
0x61C0200D
0x61800103
0x61C00C0D
0x6180010E
0x61C0240D
0x61800103
0x61C00C0D
0x6180010E
0x61C0280D
0x61800103
0x61C00C0D
0x6180010E
0x61C02C0D
0x61800103
0x61C00C0D
0x6180010E
0x61C00C0D
0x61800103
0x61C00824
0x6180010E
0x61C00824
0x61800103
0x61C00824
0x6180010E
0x61C00C24
0x61800103
0x61C00824
0x6180010E
0x61C00824
0x6180010E
0x61C01024
0x6180010E
0x61C01424
0x6180010E
0x61C01824
0x6180010E
0x61C01C24
0x6180010E
0x61C02024
0x6180010E
0x61C02424
0x6180010E
0x61C02824
0x6180010E
0x61C02C24
0x6180010E
0x61C03024
0x6180010E
0x61C03424
0x6180010E
0x61C03824
0x6180010E
0x61C03C24
0x6180010E
0x61C04024
0x6180010E
0x61C04424
0x6180010E
0x61C04824
0x61800103
0x61C00825
0x6180010E
0x61C00825
0x61800103
0x61C00825
0x6180010E
0x61C00C25
0x61800103
0x61C00825
0x6180010E
0x61C00825
0x6180010E
0x61C01025
0x6180010E
0x61C01425
0x6180010E
0x61C01825
0x6180010E
0x61C01C25
0x6180010E
0x61C02025
0x6180010E
0x61C02425
0x6180010E
0x61C02825
0x6180010E
0x61C02C25
0x6180010E
0x61C03025
0x6180010E
0x61C03425
0x6180010E
0x61C03825
0x6180010E
0x61C03C25
0x6180010E
0x61C04025
0x6180010E
0x61C04425
0x6180010E
0x61C04825
0x61800103
0x61C00826
0x6180010E
0x61C00826
0x61800103
0x61C00826
0x6180010E
0x61C00C26
0x61800103
0x61C00826
0x6180010E
0x61C00826
0x6180010E
0x61C01026
0x6180010E
0x61C01426
0x6180010E
0x61C01826
0x6180010E
0x61C01C26
0x6180010E
0x61C02026
0x6180010E
0x61C02426
0x6180010E
0x61C02826
0x6180010E
0x61C02C26
0x6180010E
0x61C03026
0x6180010E
0x61C03426
0x6180010E
0x61C03826
0x6180010E
0x61C03C26
0x6180010E
0x61C04026
0x6180010E
0x61C04426
0x6180010E
0x61C04826
0x61800103
0x61C00827
0x6180010E
0x61C00827
0x61800103
0x61C00827
0x6180010E
0x61C00C27
0x61800103
0x61C00827
0x6180010E
0x61C00827
0x6180010E
0x61C01027
0x6180010E
0x61C01427
0x6180010E
0x61C01827
0x6180010E
0x61C01C27
0x6180010E
0x61C02027
0x6180010E
0x61C02427
0x6180010E
0x61C02827
0x6180010E
0x61C02C27
0x6180010E
0x61C03027
0x6180010E
0x61C03427
0x6180010E
0x61C03827
0x6180010E
0x61C03C27
0x6180010E
0x61C04027
0x6180010E
0x61C04427
0x6180010E
0x61C04827
0x61800103
0x61C00828
0x6180010E
0x61C00828
0x61800103
0x61C00828
0x6180010E
0x61C00C28
0x61800103
0x61C00828
0x6180010E
0x61C00828
0x6180010E
0x61C01028
0x6180010E
0x61C01428
0x6180010E
0x61C01828
0x6180010E
0x61C01C28
0x6180010E
0x61C02028
0x6180010E
0x61C02428
0x6180010E
0x61C02828
0x6180010E
0x61C02C28
0x6180010E
0x61C03028
0x6180010E
0x61C03428
0x6180010E
0x61C03828
0x6180010E
0x61C03C28
0x6180010E
0x61C04028
0x6180010E
0x61C04428
0x6180010E
0x61C04828
0x61800103
0x61C00829
0x6180010E
0x61C00829
0x61800103
0x61C00829
0x6180010E
0x61C00C29
0x61800103
0x61C00829
0x6180010E
0x61C00829
0x6180010E
0x61C01029
0x6180010E
0x61C01429
0x6180010E
0x61C01829
0x6180010E
0x61C01C29
0x6180010E
0x61C02029
0x6180010E
0x61C02429
0x6180010E
0x61C02829
0x6180010E
0x61C02C29
0x6180010E
0x61C03029
0x6180010E
0x61C03429
0x6180010E
0x61C03829
0x6180010E
0x61C03C29
0x6180010E
0x61C04029
0x6180010E
0x61C04429
0x6180010E
0x61C04829
0x61800103
0x61C0082A
0x6180010E
0x61C0082A
0x61800103
0x61C0082A
0x6180010E
0x61C00C2A
0x61800103
0x61C0082A
0x6180010E
0x61C0082A
0x6180010E
0x61C0102A
0x6180010E
0x61C0142A
0x6180010E
0x61C0182A
0x6180010E
0x61C01C2A
0x6180010E
0x61C0202A
0x6180010E
0x61C0242A
0x6180010E
0x61C0282A
0x6180010E
0x61C02C2A
0x6180010E
0x61C0302A
0x6180010E
0x61C0342A
0x6180010E
0x61C0382A
0x6180010E
0x61C03C2A
0x6180010E
0x61C0402A
0x6180010E
0x61C0442A
0x6180010E
0x61C0482A
0x61800103
0x61C0082B
0x6180010E
0x61C0082B
0x61800103
0x61C0082B
0x6180010E
0x61C00C2B
0x61800103
0x61C0082B
0x6180010E
0x61C0082B
0x6180010E
0x61C0102B
0x6180010E
0x61C0142B
0x6180010E
0x61C0182B
0x6180010E
0x61C01C2B
0x6180010E
0x61C0202B
0x6180010E
0x61C0242B
0x6180010E
0x61C0282B
0x6180010E
0x61C02C2B
0x6180010E
0x61C0302B
0x6180010E
0x61C0342B
0x6180010E
0x61C0382B
0x6180010E
0x61C03C2B
0x6180010E
0x61C0402B
0x6180010E
0x61C0442B
0x6180010E
0x61C0482B
0x6180010E
0x61C00033
0x6180010E
0x61C00034
0x6180010E
0x61C00036
0x6180010E
0x61C01439
0x61800103
0x61C01839
0x6180010E
0x61C01839
0x61800103
0x61C01839
0x6180010E
0x61C01C39
0x61800103
0x61C01839
0x6180010E
0x61C02039
0x61800103
0x61C01839
0x6180010E
0x61C01839
0x6180010E
0x61C0143A
0x61800103
0x61C0183A
0x6180010E
0x61C0183A
0x61800103
0x61C0183A
0x6180010E
0x61C01C3A
0x61800103
0x61C0183A
0x6180010E
0x61C0203A
0x61800103
0x61C0183A
0x6180010E
0x61C0183A
0x61800103
0x61C01C4B
0x6180010E
0x61C01C4B
0x61800103
0x61C01C4B
0x6180010E
0x61C0204B
0x61800103
0x61C01C4B
0x6180010E
0x61C01C4B
0x6180010E
0x61C0244B
0x6180010E
0x61C0004D
0x6180010E
0x61C0004E
0x61800103
0x61C0004F
0x6180010E
0x61C0004F
0x61800103
0x61C0004F
0x6180010E
0x61C0044F
0x61800103
0x61C0004F
0x6180010E
0x61C0004F
0x6180010E
0x61C0084F
0x6180010E
0x61C00C4F
0x6180010E
0x61C0104F
0x61800103
0x61C00050
0x6180010E
0x61C00050
0x61800103
0x61C00050
0x6180010E
0x61C00450
0x61800103
0x61C00050
0x6180010E
0x61C00050
0x6180010E
0x61C00850
0x61800103
0x61C00051
0x6180010E
0x61C00051
0x61800103
0x61C00051
0x6180010E
0x61C00451
0x61800103
0x61C00051
0x6180010E
0x61C00051
0x6180010E
0x61C00851
0x61800103
0x61C00C51
0x6180010E
0x61C00C51
0x61800103
0x61C00C51
0x6180010E
0x61C01051
0x61800103
0x61C00C51
0x6180010E
0x61C00C51
0x6180010E
0x61C01451
0x6180010E
0x61C01851
0x6180010E
0x61C01C51
0x6180010E
0x61C02051
0x6180010E
0x61C02451
0x6180010E
0x61C02851
0x6180010E
0x61C02C51
0x6180010E
0x61C05051
0x6180010E
0x61C00056
0x6180010E
0x61C00057
0x61800103
0x61C00462
0x6180010E
0x61C00462
0x61800103
0x61C00462
0x6180010E
0x61C00862
0x61800103
0x61C00462
0x6180010E
0x61C00462
0x6180010E
0x61C00C62
0x6180010E
0x61C01062
0x6180010E
0x61C01462
0x6180010E
0x61C01862
0x6180010E
0x61C00866
0x6180010E
0x61C00867
0x6180010E
0x61C00868
0x6180010E
0x61C0086A
0x6180010E
0x61C0106B
0x6180010E
0x61C00074
0x61800103
0x61C00075
0x6180010E
0x61C00075
0x61800103
0x61C00075
0x6180010E
0x61C00475
0x61800103
0x61C00075
0x6180010E
0x61C00075
0x6180010E
0x61C00875
0x61800103
0x61C01875
0x6180010E
0x61C01875
0x61800103
0x61C01875
0x6180010E
0x61C01C75
0x61800103
0x61C01875
0x6180010E
0x61C01875
0x6180010E
0x61C02075
0x61800103
0x61C0007D
0x6180010E
0x61C0007D
0x61800103
0x61C0007D
0x6180010E
0x61C0047D
0x61800103
0x61C0007D
0x6180010E
0x61C0007D
0x6180010E
0x61C0087D
0x6180010E
0x61C00C7D
0x6180010E
0x61C0107D
0x61800103
0x61C0007E
0x6180010E
0x61C0007E
0x61800103
0x61C0007E
0x6180010E
0x61C0047E
0x61800103
0x61C0007E
0x6180010E
0x61C0007E
0x6180010E
0x61C0087E
0x6180010E
0x61C00C7E
0x6180010E
0x61C0107E
0x6180010E
0x61C00087
0x6180010E
0x61C00088
0x6180010E
0x61C0008D
0x61800103
0x61C00092
0x6180010E
0x61C00092
0x61800103
0x61C00092
0x6180010E
0x61C00492
0x61800103
0x61C00092
0x6180010E
0x61C00092
0x6180010E
0x61C00892
0x6180010E
0x61C00093
0x6180010E
0x61C00095
0x61800103
0x61C00098
0x6180010E
0x61C00098
0x61800103
0x61C00098
0x6180010E
0x61C00498
0x61800103
0x61C00098
0x6180010E
0x61C00098
0x6180010E
0x61C00898
0x61800103
0x61C0009A
0x6180010E
0x61C0009A
0x61800103
0x61C0009A
0x6180010E
0x61C0049A
0x61800103
0x61C0009A
0x6180010E
0x61C0009A
0x6180010E
0x61C0089A
0x61800103
0x61C0009B
0x6180010E
0x61C0009B
0x61800103
0x61C0009B
0x6180010E
0x61C0049B
0x61800103
0x61C0009B
0x6180010E
0x61C0009B
0x6180010E
0x61C0089B
0x61800103
0x61C0009C
0x6180010E
0x61C0009C
0x61800103
0x61C0009C
0x6180010E
0x61C0049C
0x61800103
0x61C0009C
0x6180010E
0x61C0009C
0x6180010E
0x61C0089C
0x61800103
0x61C0009E
0x6180010E
0x61C0009E
0x61800103
0x61C0009E
0x6180010E
0x61C0049E
0x61800103
0x61C0009E
0x6180010E
0x61C0009E
0x6180010E
0x61C0089E
0x61800103
0x61C00CA1
0x6180010E
0x61C00CA1
0x61800103
0x61C00CA1
0x6180010E
0x61C010A1
0x61800103
0x61C00CA1
0x6180010E
0x61C00CA1
0x6180010E
0x61C014A1
0x61800103
0x61C00CA2
0x6180010E
0x61C00CA2
0x61800103
0x61C00CA2
0x6180010E
0x61C010A2
0x61800103
0x61C00CA2
0x6180010E
0x61C00CA2
0x6180010E
0x61C014A2
0x6180010E
0x61C000B6
0x6180010E
0x61C00CB6
0x6180010E
0x61C010B6
0x6180010E
0x61C000BA
0x61800103
0x61C008BA
0x6180010E
0x61C008BA
0x61800103
0x61C008BA
0x6180010E
0x61C00CBA
0x61800103
0x61C008BA
0x6180010E
0x61C008BA
0x6180010E
0x61C010BA
0x6180010E
0x61C018BA
0x61800103
0x61C004BC
0x6180010E
0x61C004BC
0x61800103
0x61C004BC
0x6180010E
0x61C008BC
0x61800103
0x61C004BC
0x6180010E
0x61C004BC
0x6180010E
0x61C00CBC
0x6180010E
0x61C010BC
0x6180010E
0x61C014BC
0x6180010E
0x61C018BC
0x61800103
0x61C004BD
0x6180010E
0x61C004BD
0x61800103
0x61C004BD
0x6180010E
0x61C008BD
0x61800103
0x61C004BD
0x6180010E
0x61C004BD
0x6180010E
0x61C00CBD
0x6180010E
0x61C010BD
0x6180010E
0x61C014BD
0x6180010E
0x61C018BD
0x61800103
0x61C000BF
0x6180010E
0x61C000BF
0x61800103
0x61C000BF
0x6180010E
0x61C004BF
0x61800103
0x61C000BF
0x6180010E
0x61C000BF
0x6180010E
0x61C008BF
0x61800200
0x61C00024
0x62000002
0x61800200
0x61C00025
0x62000002
0x61800200
0x61C00024
0x62000000
0x60400024
0x63D88030
0x60C000C3
0x64588030
0x63100067
0x61800200
0x61C00026
0x62000002
0x61800200
0x61C00025
0x62000000
0x60400025
0x63D8802F
0x60C000C4
0x6458802F
0x63100066
0x61800200
0x61C00027
0x62000002
0x61800200
0x61C00026
0x62000000
0x60400026
0x63D8802E
0x60C000C5
0x6458802E
0x63100065
0x61800200
0x61C00028
0x62000002
0x61800200
0x61C00027
0x62000000
0x60400027
0x63D8802D
0x60C000C6
0x6458802D
0x63100064
0x61800200
0x61C00029
0x62000002
0x61800200
0x61C00028
0x62000000
0x60400028
0x63D8802C
0x60C000C7
0x6458802C
0x63100063
0x61800200
0x61C0002A
0x62000002
0x61800200
0x61C00029
0x62000000
0x60400029
0x63D8802B
0x60C000C8
0x6458802B
0x63100062
0x61800200
0x61C0002B
0x62000002
0x61800200
0x61C0002A
0x62000000
0x6040002A
0x63D8802A
0x60C000C9
0x6458802A
0x63100061
0x6180010E
0x61C000BF
0x61800200
0x61C0002B
0x62000000
0x6040002B
0x63D88029
0x60C000CA
0x64588029
0x63100060
0x61800102
0x61C000BF
0x62000002
0x61400498
0x6180010E
0x61C000BF
0x61800200
0x61C000BF
0x62000002
0x62D0005F
0x64148000
0x64188028
0x62D00060
0x60800098
0x60800092
0x6080005A
0x60800095
0x6080005B
0x600000BF
0x63948000
0x63988028
0x61800200
0x61C000BF
0x62000000
0x604000BF
0x63D48001
0x63D88029
0x60C0005B
0x60C00095
0x60C0005A
0x60C00092
0x60C00098
0x64548001
0x63100061
0x64588029
0x63100060
0x61800200
0x61C0004F
0x62000002
0x62C00009
0x64000003
0x608000E6
0x6000004F
0x63800003
0x61800200
0x61C0004D
0x62000002
0x62D0005F
0x64100013
0x6000004D
0x63900013
0x61800200
0x61C0004F
0x62000000
0x6040004F
0x63C00004
0x60C000E6
0x64400004
0x6300000A
0x61800200
0x61C0004E
0x62000002
0x62D00060
0x64100014
0x6000004E
0x63900014
0x61800200
0x61C0004D
0x62000000
0x6040004D
0x63D00015
0x64500015
0x63100061
0x61800200
0x61C00050
0x62000002
0x62D00060
0x6413C000
0x64188028
0x62D00061
0x60000050
0x6393C000
0x63988028
0x61800200
0x61C0004E
0x62000000
0x6040004E
0x63D00014
0x64500014
0x63100062
0x61800200
0x61C0006A
0x62000002
0x61800200
0x61C0006B
0x62000002
0x61800200
0x61C00066
0x62000002
0x61800200
0x61C00067
0x62000002
0x61800200
0x61C00068
0x62000002
0x4F4E00FF
0x4F4A0005
0x4F4B0000
0x4F460140
0x4F4C0000
0x4F4D0004
0x4F4F0000
0x4F500000
0x4F4E00FF
0x4F4A0003
0x4F4B0000
0x4F4600C0
0x4F4C0000
0x4F4D0010
0x4F4F0000
0x4F500000
0x4F4E00FF
0x4F4A001C
0x4F4B000A
0x4F46070A
0x4F4C0005
0x4F4D0023
0x4F4F0000
0x4F500000
0x4F4E00FF
0x4F4A001C
0x4F4B000D
0x4F46070D
0x4F4C000D
0x4F4D0200
0x4F4F0000
0x4F500000
0x61800200
0x61C00033
0x62000002
0x61800200
0x61C00056
0x62000002
0x61800200
0x61C00033
0x62000000
0x60400033
0x63D88029
0x64588029
0x63100061
0x61800200
0x61C00057
0x62000002
0x61800200
0x61C00056
0x62000000
0x60400056
0x63D88028
0x64588028
0x63100060
0x4F4E00FF
0x4F4A001A
0x4F4B0020
0x4F4606A0
0x4F4C0000
0x4F4D0012
0x4F4F0000
0x4F500000
0x61800200
0x61C00057
0x62000000
0x60400057
0x63D88027
0x64588027
0x6310005F
0x4F4E00FF
0x4F4A001A
0x4F4B0022
0x4F4606A2
0x4F4C0000
0x4F4D000C
0x4F4F0000
0x4F500000
0x4F4E00FF
0x4F4A001A
0x4F4B0021
0x4F4606A1
0x4F4C0000
0x4F4D0012
0x4F4F0000
0x4F500000
0x4F4E00FF
0x4F4A001E
0x4F4B0023
0x4F4607A3
0x4F4C0000
0x4F4D000A
0x4F4F0000
0x4F500000
0x4F4E00FF
0x4F4A001E
0x4F4B0024
0x4F4607A4
0x4F4C0013
0x4F4D0008
0x4F4F0000
0x4F500000
0x4F4E00FF
0x4F4A001E
0x4F4B0025
0x4F4607A5
0x4F4C001B
0x4F4D0001
0x4F4F0000
0x4F500000
0x4F4E00FF
0x4F4A001E
0x4F4B0026
0x4F4607A6
0x4F4C001C
0x4F4D0001
0x4F4F0000
0x4F500000
0x4F4E00FF
0x4F4A001E
0x4F4B0029
0x4F4607A9
0x4F4C0000
0x4F4D000A
0x4F4F0000
0x4F500000
0x4F4E00FF
0x4F4A001E
0x4F4B002B
0x4F4607AB
0x4F4C0013
0x4F4D0001
0x4F4F0000
0x4F500000
0x4F4E00FF
0x4F4A001E
0x4F4B002D
0x4F4607AD
0x4F4C0014
0x4F4D0001
0x4F4F0000
0x4F500000
0x4F4E00FF
0x4F4A001E
0x4F4B002F
0x4F4607AF
0x4F4C0015
0x4F4D0001
0x4F4F0000
0x4F500000
0x4F4E00FF
0x4F4A001E
0x4F4B0031
0x4F4607B1
0x4F4C0016
0x4F4D0001
0x4F4F0000
0x4F500000
0x4F4E00FF
0x4F4A001E
0x4F4B0033
0x4F4607B3
0x4F4C0017
0x4F4D0001
0x4F4F0000
0x4F500000
0x4F4E00FF
0x4F4A001E
0x4F4B002A
0x4F4607AA
0x4F4C0000
0x4F4D000A
0x4F4F0000
0x4F500000
0x4F4E00FF
0x4F4A001E
0x4F4B002C
0x4F4607AC
0x4F4C0013
0x4F4D0010
0x4F4F0000
0x4F500000
0x4F4E00FF
0x4F4A001E
0x4F4B002E
0x4F4607AE
0x4F4C0023
0x4F4D0008
0x4F4F0000
0x4F500000
0x4F4E00FF
0x4F4A001E
0x4F4B0032
0x4F4607B2
0x4F4C002B
0x4F4D0008
0x4F4F0000
0x4F500000
0x4F4E00FF
0x4F4A001E
0x4F4B0010
0x4F460790
0x4F4C0000
0x4F4D000A
0x4F4F0000
0x4F500000
0x4F4E00FF
0x4F4A001E
0x4F4B0011
0x4F460791
0x4F4C0013
0x4F4D0040
0x4F4F0000
0x4F500000
0x4F4E00FF
0x4F4A001E
0x4F4B0012
0x4F460792
0x4F4C0053
0x4F4D0008
0x4F4F0000
0x4F500000
0x4F4E00FF
0x4F4A001E
0x4F4B0013
0x4F460793
0x4F4C005B
0x4F4D0008
0x4F4F0000
0x4F500000
0x61800200
0x61C00095
0x62000002
0x61800200
0x61C00092
0x62000002
0x61800200
0x61C00098
0x62000002
0x61800200
0x61C0009A
0x62000002
0x61800200
0x61C0009B
0x62000002
0x61800200
0x61C0009C
0x62000002
0x61800200
0x61C0009E
0x62000002
0x61800200
0x61C000BA
0x62000002
0x62D24000
0x62D0005E
0x641CC000
0x64188026
0x62D24001
0x608000B8
0x600000BA
0x639CC000
0x63988026
0x61800200
0x61C00036
0x62000002
0x62D0005F
0x6413C001
0x60000036
0x6393C001
0x61800200
0x61C000BA
0x62000000
0x604000BA
0x63DCC001
0x63D88027
0x60C000B8
0x645CC001
0x63124002
0x64588027
0x63124001
0x63100060
0x6180010D
0x61C01C4B
0x612B3CA1
0x6180010C
0x61C01C4B
0x612B3CA1
0x612B3CA1
0x6180010E
0x61C01C4B
0x61800200
0x61C0004B
0x62000002
0x61800100
0x61C0204B
0x62000002
0x61800100
0x61C01C4B
0x62000002
0x41070000
0x4108009F
0x4F8A00FF
0x4F8B0001
0x4F80001A
0x4100001A
0x4F010000
0x4F06068D
0x4F0A000C
0x41010000
0x410C0001
0x410D8406
0x410ED000
0x410F0000
0x41100010
0x41110000
0x43870001
0x43884001
0x4F8A00FF
0x4F8B0001
0x4F80001A
0x4380001A
0x4F010000
0x4F0606A0
0x4F0A000C
0x43810000
0x438A0000
0x43A00000
0x43A10000
0x438B0000
0x438C000C
0x43A20000
0x438D0000
0x43A30000
0x43A40000
0x438F0000
0x43900000
0x43910000
0x43920000
0x439F0001
0x43A50000
0x43A60001
0x4F01000D
0x4F06070D
0x4F0A000C
0x4B0B000D
0x4F8A00FF
0x4F8B0001
0x4F80001C
0x4F010005
0x4F06070A
0x4F0A000C
0x4F8A00FF
0x4F8B0001
0x4F80001C
0x4BC0001C
0x4F012400
0x4F060718
0x4F0A000C
0x4BC42400
0x4BC3FFFF
0x4F8A00FF
0x4F8B0001
0x4F80001C
0x4C40001C
0x4C4C0000
0x4C4B000D
0x4C4A0005
0x4B83000D
0x4F8A00FF
0x4F8B0001
0x4F80001C
0x4B80001C
0x4F012400
0x4F060718
0x4F0A000C
0x4B842400
0x4B070000
0x4B08003C
0x4B0E001C
0x4B0F2400
0x4B110005
0x4B120000
0x41070000
0x41080004
0x4F8A00FF
0x4F8B0001
0x4F80001A
0x4100001A
0x4F010000
0x4F06068D
0x4F0A000C
0x41010000
0x410C0001
0x410D8406
0x410ED000
0x410F0000
0x41100010
0x41110000
0x41070000
0x41080004
0x4F8A00FF
0x4F8B0001
0x4F80001A
0x4100001A
0x4F010000
0x4F06068D
0x4F0A000C
0x41010000
0x410C0001
0x410D8406
0x410ED000
0x410F0000
0x41100010
0x41110000
0x61800200
0x61C00093
0x62000002
0x61800200
0x61C0008D
0x62000002
0x61800200
0x61C000BC
0x62000002
0x62C0400B
0x6401C000
0x6402400A
0x62C0400C
0x608000E7
0x600000BC
0x6381C000
0x6382400A
0x61800200
0x61C000BD
0x62000002
0x62C0400D
0x64020000
0x6402400B
0x62C0400E
0x608000E8
0x600000BD
0x63820000
0x6382400B
0x61800200
0x61C000BC
0x62000000
0x604000BC
0x63C1C001
0x63C2400C
0x60C000E7
0x6441C001
0x6300400F
0x6442400C
0x6300400E
0x61800200
0x61C00062
0x62000002
0x62D0005F
0x6418C000
0x64188026
0x62D00060
0x608000C0
0x60000062
0x6398C000
0x63988026
0x61800200
0x61C000BD
0x62000000
0x604000BD
0x63C20001
0x63C2400B
0x60C000E8
0x64420001
0x6300400D
0x6442400B
0x6300400C
0x61800200
0x61C0000D
0x62000002
0x62D08000
0x62D00061
0x641A4000
0x64188027
0x62D08001
0x60800037
0x60800038
